#
# There is insufficient memory for the Java Runtime Environment to continue.
# Native memory allocation (mmap) failed to map 65536 bytes. Error detail: Failed to commit metaspace.
# Possible reasons:
#   The system is out of physical RAM or swap space
#   This process is running with CompressedOops enabled, and the Java Heap may be blocking the growth of the native heap
# Possible solutions:
#   Reduce memory load on the system
#   Increase physical memory or swap space
#   Check if swap backing store is full
#   Decrease Java heap size (-Xmx/-Xms)
#   Decrease number of Java threads
#   Decrease Java thread stack sizes (-Xss)
#   Set larger code cache with -XX:ReservedCodeCacheSize=
#   JVM is running with Zero Based Compressed Oops mode in which the Java heap is
#     placed in the first 32GB address space. The Java Heap base address is the
#     maximum limit for the native heap growth. Please use -XX:HeapBaseMinAddress
#     to set the Java Heap base and to place the Java Heap above 32GB virtual address.
# This output file may be truncated or incomplete.
#
#  Out of Memory Error (virtualSpaceNode.cpp:113), pid=18076, tid=3288
#
# JRE version: OpenJDK Runtime Environment (23.0.2+7) (build 23.0.2+7-58)
# Java VM: OpenJDK 64-Bit Server VM (23.0.2+7-58, mixed mode, emulated-client, sharing, tiered, compressed oops, compressed class ptrs, g1 gc, windows-amd64)
# No core dump will be written. Minidumps are not enabled by default on client versions of Windows
#

---------------  S U M M A R Y ------------

Command Line: -XX:TieredStopAtLevel=1 -Dspring.output.ansi.enabled=always -Dcom.sun.management.jmxremote -Dspring.jmx.enabled=true -Dspring.liveBeansView.mbeanDomain -Dspring.application.admin.enabled=true -Dmanagement.endpoints.jmx.exposure.include=* -javaagent:C:\Program Files\JetBrains\IntelliJ IDEA 2024.3.2.1\lib\idea_rt.jar=53610:C:\Program Files\JetBrains\IntelliJ IDEA 2024.3.2.1\bin -Dfile.encoding=UTF-8 -Dsun.stdout.encoding=UTF-8 -Dsun.stderr.encoding=UTF-8 com.example.apigetway.ApiGetWayApplication

Host: AMD Ryzen 7 4800H with Radeon Graphics         , 16 cores, 15G,  Windows 11 , 64 bit Build 26100 (10.0.26100.3775)
Time: Thu Apr 17 22:02:32 2025 W. Central Africa Standard Time elapsed time: 4.615115 seconds (0d 0h 0m 4s)

---------------  T H R E A D  ---------------

Current thread (0x0000028277d427b0):  JavaThread "main"             [_thread_in_vm, id=3288, stack(0x000000c941400000,0x000000c941500000) (1024K)]

Stack: [0x000000c941400000,0x000000c941500000]
Native frames: (J=compiled Java code, j=interpreted, Vv=VM code, C=native code)
V  [jvm.dll+0x6e0b99]  (no source info available)
V  [jvm.dll+0x87e2b3]  (no source info available)
V  [jvm.dll+0x88073e]  (no source info available)
V  [jvm.dll+0x880e13]  (no source info available)
V  [jvm.dll+0x27b006]  (no source info available)
V  [jvm.dll+0x879ebe]  (no source info available)
V  [jvm.dll+0x6822f5]  (no source info available)
V  [jvm.dll+0x68235a]  (no source info available)
V  [jvm.dll+0x684b9a]  (no source info available)
V  [jvm.dll+0x221aec]  (no source info available)
V  [jvm.dll+0x682d0e]  (no source info available)
V  [jvm.dll+0x277a5d]  (no source info available)
V  [jvm.dll+0x277f99]  (no source info available)
V  [jvm.dll+0x738d9f]  (no source info available)
V  [jvm.dll+0x739b8f]  (no source info available)
V  [jvm.dll+0x3c10f8]  (no source info available)
V  [jvm.dll+0x3bfef7]  (no source info available)
V  [jvm.dll+0x3bfe98]  (no source info available)
V  [jvm.dll+0x3d206a]  (no source info available)
C  0x000002827a179341  (no source info available)

The last pc belongs to new (printed below).
Java frames: (J=compiled Java code, j=interpreted, Vv=VM code)
j  java.security.Policy.loadPolicyProvider()Ljava/security/Policy;+34 java.base@23.0.2
j  java.security.Policy.getPolicyNoCheck()Ljava/security/Policy;+34 java.base@23.0.2
j  java.security.ProtectionDomain.implies(Ljava/security/Permission;)Z+16 java.base@23.0.2
j  java.security.ProtectionDomain.impliesWithAltFilePerm(Ljava/security/Permission;)Z+23 java.base@23.0.2
j  java.security.AccessControlContext.checkPermission(Ljava/security/Permission;)V+323 java.base@23.0.2
j  java.security.AccessController.checkPermission(Ljava/security/Permission;)V+161 java.base@23.0.2
j  ch.qos.logback.core.util.Loader$1.run()Ljava/lang/Boolean;+9
j  ch.qos.logback.core.util.Loader$1.run()Ljava/lang/Object;+1
J 1356 c1 java.security.AccessController.doPrivileged(Ljava/security/PrivilegedAction;)Ljava/lang/Object; java.base@23.0.2 (9 bytes) @ 0x000002827a5b7d94 [0x000002827a5b7d40+0x0000000000000054]
j  ch.qos.logback.core.util.Loader.<clinit>()V+34
v  ~StubRoutines::call_stub 0x000002827a160fcd
j  ch.qos.logback.classic.util.ContextInitializer.autoConfig(Ljava/lang/ClassLoader;)V+1
j  ch.qos.logback.classic.util.ContextInitializer.autoConfig()V+6
j  ch.qos.logback.classic.spi.LogbackServiceProvider.initializeLoggerContext()V+11
j  ch.qos.logback.classic.spi.LogbackServiceProvider.initialize()V+21
j  org.slf4j.LoggerFactory.bind()V+37
j  org.slf4j.LoggerFactory.performInitialization()V+0
j  org.slf4j.LoggerFactory.getProvider()Lorg/slf4j/spi/SLF4JServiceProvider;+21
j  org.slf4j.LoggerFactory.getILoggerFactory()Lorg/slf4j/ILoggerFactory;+0
j  org.slf4j.LoggerFactory.getLogger(Ljava/lang/String;)Lorg/slf4j/Logger;+0
j  org.apache.commons.logging.LogAdapter$Slf4jAdapter.createLocationAwareLog(Ljava/lang/String;)Lorg/apache/commons/logging/Log;+1
j  org.apache.commons.logging.LogAdapter$$Lambda+0x00000282100d4608.apply(Ljava/lang/Object;)Ljava/lang/Object;+4
j  org.apache.commons.logging.LogAdapter.createLog(Ljava/lang/String;)Lorg/apache/commons/logging/Log;+4
j  org.apache.commons.logging.LogFactory.getLog(Ljava/lang/String;)Lorg/apache/commons/logging/Log;+1
j  org.apache.commons.logging.LogFactory.getLog(Ljava/lang/Class;)Lorg/apache/commons/logging/Log;+4
j  org.springframework.boot.SpringApplication.<clinit>()V+2
v  ~StubRoutines::call_stub 0x000002827a160fcd
j  com.example.apigetway.ApiGetWayApplication.main([Ljava/lang/String;)V+3
v  ~StubRoutines::call_stub 0x000002827a160fcd
Lock stack of current Java thread (top to bottom):
LockStack[2]: [I 
{0x0000000719709648} - klass: {type array int}
 - length: 0
LockStack[1]: java.lang.Class 
{0x0000000719709200} - klass: 'java/lang/Class'
 - ---- fields (total size 16 words):
 - private volatile transient 'classRedefinedCount' 'I' @12  0 (0x00000000)
 - injected 'klass' 'J' @16  2757638210720 (0x00000282100bc4a0)
 - injected 'array_klass' 'J' @24  0 (0x0000000000000000)
 - injected 'oop_size' 'I' @32  16 (0x00000010)
 - injected 'static_oop_field_count' 'I' @36  4 (0x00000004)
 - private volatile transient 'cachedConstructor' 'Ljava/lang/reflect/Constructor;' @40  null (0x00000000)
 - private transient 'name' 'Ljava/lang/String;' @44  null (0x00000000)
 - private transient 'module' 'Ljava/lang/Module;' @48  a 'java/lang/Module'{0x0000000717e01008} (0xe2fc0201)
 - private final 'classLoader' 'Ljava/lang/ClassLoader;' @52  null (0x00000000)
 - private transient 'classData' 'Ljava/lang/Object;' @56  null (0x00000000)
 - private transient 'packageName' 'Ljava/lang/String;' @60  null (0x00000000)
 - private final 'componentType' 'Ljava/lang/Class;' @64  null (0x00000000)
 - private volatile transient 'reflectionData' 'Ljava/lang/ref/SoftReference;' @68  null (0x00000000)
 - private volatile transient 'genericInfo' 'Lsun/reflect/generics/repository/ClassRepository;' @72  null (0x00000000)
 - private volatile transient 'enumConstants' '[Ljava/lang/Object;' @76  null (0x00000000)
 - private volatile transient 'enumConstantDirectory' 'Ljava/util/Map;' @80  null (0x00000000)
 - private volatile transient 'annotationData' 'Ljava/lang/Class$AnnotationData;' @84  null (0x00000000)
 - private volatile transient 'annotationType' 'Lsun/reflect/annotation/AnnotationType;' @88  null (0x00000000)
 - transient 'classValueMap' 'Ljava/lang/ClassValue$ClassValueMap;' @92  null (0x00000000)
 - injected 'protection_domain' 'Ljava/lang/Object;' @96  null (0x00000000)
 - injected 'signers_name' 'Ljava/lang/Object;' @100  null (0x00000000)
 - injected 'source_file' 'Ljava/lang/Object;' @104  null (0x00000000)
 - injected '<init_lock>' 'Ljava/lang/Object;' @108  null (0x00000000)
 - signature: Ljava/security/Policy;
 - ---- static fields (4):
 - public static final 'UNSUPPORTED_EMPTY_COLLECTION' 'Ljava/security/PermissionCollection;' @112  a 'java/security/Policy$UnsupportedEmptyCollection'{0x0000000719709390} (0xe32e1272)
 - private static volatile 'policyInfo' 'Ljava/security/Policy$PolicyInfo;' @116  a 'java/security/Policy$PolicyInfo'{0x0000000719709480} (0xe32e1290)
 - private static final 'debug' 'Lsun/security/util/Debug;' @120  null (0x00000000)
 - private static final 'DEFAULT_POLICY' 'Ljava/lang/String;' @124  "sun.security.provider.PolicyFile"{0x0000000719709290} (0xe32e1252)
LockStack[0]: java.lang.Class 
{0x0000000717e000c8} - klass: 'java/lang/Class'
 - ---- fields (total size 27 words):
 - private volatile transient 'classRedefinedCount' 'I' @12  0 (0x00000000)
 - injected 'klass' 'J' @16  2757638309960 (0x00000282100d4848)
 - injected 'array_klass' 'J' @24  0 (0x0000000000000000)
 - injected 'oop_size' 'I' @32  27 (0x0000001b)
 - injected 'static_oop_field_count' 'I' @36  19 (0x00000013)
 - private volatile transient 'cachedConstructor' 'Ljava/lang/reflect/Constructor;' @40  null (0x00000000)
 - private transient 'name' 'Ljava/lang/String;' @44  "org.slf4j.LoggerFactory"{0x0000000717d65190} (0xe2faca32)
 - private transient 'module' 'Ljava/lang/Module;' @48  a 'java/lang/Module'{0x0000000717e00c10} (0xe2fc0182)
 - private final 'classLoader' 'Ljava/lang/ClassLoader;' @52  a 'jdk/internal/loader/ClassLoaders$AppClassLoader'{0x0000000717e00000} (0xe2fc0000)
 - private transient 'classData' 'Ljava/lang/Object;' @56  null (0x00000000)
 - private transient 'packageName' 'Ljava/lang/String;' @60  "org.slf4j"{0x0000000717e8c0a0} (0xe2fd1814)
 - private final 'componentType' 'Ljava/lang/Class;' @64  null (0x00000000)
 - private volatile transient 'reflectionData' 'Ljava/lang/ref/SoftReference;' @68  null (0x00000000)
 - private volatile transient 'genericInfo' 'Lsun/reflect/generics/repository/ClassRepository;' @72  null (0x00000000)
 - private volatile transient 'enumConstants' '[Ljava/lang/Object;' @76  null (0x00000000)
 - private volatile transient 'enumConstantDirectory' 'Ljava/util/Map;' @80  null (0x00000000)
 - private volatile transient 'annotationData' 'Ljava/lang/Class$AnnotationData;' @84  null (0x00000000)
 - private volatile transient 'annotationType' 'Lsun/reflect/annotation/AnnotationType;' @88  null (0x00000000)
 - transient 'classValueMap' 'Ljava/lang/ClassValue$ClassValueMap;' @92  null (0x00000000)
 - injected 'protection_domain' 'Ljava/lang/Object;' @96  a 'java/security/ProtectionDomain'{0x0000000717e87f30} (0xe2fd0fe6)
 - injected 'signers_name' 'Ljava/lang/Object;' @100  null (0x00000000)
 - injected 'source_file' 'Ljava/lang/Object;' @104  null (0x00000000)
 - injected '<init_lock>' 'Ljava/lang/Object;' @108  null (0x00000000)
 - signature: Lorg/slf4j/LoggerFactory;
 - ---- static fields (19):
 - static final 'CODES_PREFIX' 'Ljava/lang/String;' @112  "https://www.slf4j.org/codes.html"{0x0000000717d651d0} (0xe2faca3a)
 - static final 'NO_PROVIDERS_URL' 'Ljava/lang/String;' @116  "https://www.slf4j.org/codes.html#noProviders"{0x0000000717d65218} (0xe2faca43)
 - static final 'IGNORED_BINDINGS_URL' 'Ljava/lang/String;' @120  "https://www.slf4j.org/codes.html#ignoredBindings"{0x0000000717d65270} (0xe2faca4e)
 - static final 'MULTIPLE_BINDINGS_URL' 'Ljava/lang/String;' @124  "https://www.slf4j.org/codes.html#multiple_bindings"{0x0000000717d652c8} (0xe2faca59)
 - static final 'VERSION_MISMATCH' 'Ljava/lang/String;' @128  "https://www.slf4j.org/codes.html#version_mismatch"{0x0000000717d65328} (0xe2faca65)
 - static final 'SUBSTITUTE_LOGGER_URL' 'Ljava/lang/String;' @132  "https://www.slf4j.org/codes.html#substituteLogger"{0x0000000717d65388} (0xe2faca71)
 - static final 'LOGGER_NAME_MISMATCH_URL' 'Ljava/lang/String;' @136  "https://www.slf4j.org/codes.html#loggerNameMismatch"{0x0000000717d653e8} (0xe2faca7d)
 - static final 'REPLAY_URL' 'Ljava/lang/String;' @140  "https://www.slf4j.org/codes.html#replay"{0x0000000717d65448} (0xe2faca89)
 - static final 'UNSUCCESSFUL_INIT_URL' 'Ljava/lang/String;' @144  "https://www.slf4j.org/codes.html#unsuccessfulInit"{0x0000000717d65498} (0xe2faca93)
 - static final 'UNSUCCESSFUL_INIT_MSG' 'Ljava/lang/String;' @148  "org.slf4j.LoggerFactory in failed state. Original exception was thrown EARLIER. See also https://www.slf4j.org/codes.html#unsuccessfulInit"{0x0000000717d654f8} (0xe2faca9f)
 - static final 'CONNECTED_WITH_MSG' 'Ljava/lang/String;' @152  "Connected with provider of type ["{0x0000000717d655b0} (0xe2facab6)
 - public static final 'PROVIDER_PROPERTY_KEY' 'Ljava/lang/String;' @156  "slf4j.provider"{0x0000000717e8c190} (0xe2fd1832)
 - static final 'UNINITIALIZED' 'I' @188  0 (0x00000000)
 - static final 'ONGOING_INITIALIZATION' 'I' @192  1 (0x00000001)
 - static final 'FAILED_INITIALIZATION' 'I' @196  2 (0x00000002)
 - static final 'SUCCESSFUL_INITIALIZATION' 'I' @200  3 (0x00000003)
 - static final 'NOP_FALLBACK_INITIALIZATION' 'I' @204  4 (0x00000004)
 - static volatile 'INITIALIZATION_STATE' 'I' @208  1 (0x00000001)
 - static final 'SUBST_PROVIDER' 'Lorg/slf4j/helpers/SubstituteServiceProvider;' @160  a 'org/slf4j/helpers/SubstituteServiceProvider'{0x0000000717d65600} (0xe2facac0)
 - static final 'NOP_FALLBACK_SERVICE_PROVIDER' 'Lorg/slf4j/helpers/NOP_FallbackServiceProvider;' @164  a 'org/slf4j/helpers/NOP_FallbackServiceProvider'{0x0000000717d657f8} (0xe2facaff)
 - static final 'DETECT_LOGGER_NAME_MISMATCH_PROPERTY' 'Ljava/lang/String;' @168  "slf4j.detectLoggerNameMismatch"{0x0000000717e8c1f8} (0xe2fd183f)
 - static final 'JAVA_VENDOR_PROPERTY' 'Ljava/lang/String;' @172  "java.vendor.url"{0x0000000717fb62d0} (0xe2ff6c5a)
 - static 'DETECT_LOGGER_NAME_MISMATCH' 'Z' @212  false (0x00)
 - static volatile 'PROVIDER' 'Lorg/slf4j/spi/SLF4JServiceProvider;' @176  a 'ch/qos/logback/classic/spi/LogbackServiceProvider'{0x0000000719611ab0} (0xe32c2356)
 - private static final 'API_COMPATIBILITY_LIST' '[Ljava/lang/String;' @180  a 'java/lang/String'[1] {0x0000000717d65880} (0xe2facb10)
 - private static final 'STATIC_LOGGER_BINDER_PATH' 'Ljava/lang/String;' @184  "org/slf4j/impl/StaticLoggerBinder.class"{0x0000000717d65898} (0xe2facb13)

new  187 new  [0x000002827a1791a0, 0x000002827a1793b0]  528 bytes
[MachCode]
  0x000002827a1791a0: 4883 ec08 | c5fa 1104 | 24eb 1f48 | 83ec 10c5 | fb11 0424 | eb14 4883 | ec10 4889 | 0424 48c7 
  0x000002827a1791c0: 4424 0800 | 0000 00eb | 0150 410f | b755 010f | cac1 ea10 | 488b 4de8 | 488b 4908 | 488b 4908 
  0x000002827a1791e0: 488b 4108 | 807c 1004 | 070f 85e0 | 0000 0066 | 8b54 d148 | 488b 4928 | 488b 4cd1 | 0851 80b9 
  0x000002827a179200: 3101 0000 | 040f 840d | 0000 004c | 3bb9 3801 | 0000 0f85 | b600 0000 | 8b51 08f6 | c201 0f85 
  0x000002827a179220: aa00 0000 | 498b 87b8 | 0100 0048 | 8d1c 1049 | 3b9f c801 | 0000 0f87 | 9200 0000 | 4989 9fb8 
  0x000002827a179240: 0100 0048 | 83ea 100f | 840f 0000 | 0033 c9c1 | ea03 4889 | 4cd0 0848 | ffca 75f6 | 48c7 0001 
  0x000002827a179260: 0000 0059 | 33f6 8970 | 0c49 ba00 | 0000 0f82 | 0200 0049 | 2bca 8948 | 0849 ba42 | bdc8 17fe 
  0x000002827a179280: 7f00 0041 | 803a 000f | 843c 0000 | 0050 488b | c848 83ec | 2040 f6c4 | 0f0f 8419 | 0000 0048 
  0x000002827a1792a0: 83ec 0848 | b830 f178 | 17fe 7f00 | 00ff d048 | 83c4 08e9 | 0c00 0000 | 48b8 30f1 | 7817 fe7f 
  0x000002827a1792c0: 0000 ffd0 | 4883 c420 | 58e9 cb00 | 0000 5948 | 8b55 e848 | 8b52 0848 | 8b52 0845 | 0fb7 4501 
  0x000002827a1792e0: 410f c841 | c1e8 10e8 | 0500 0000 | e9a8 0000 | 0048 8d44 | 2408 4c89 | 6dc0 498b | cfc5 f877 
  0x000002827a179300: 4989 afb0 | 0300 0049 | 8987 a003 | 0000 4883 | ec20 40f6 | c40f 0f84 | 1900 0000 | 4883 ec08 
  0x000002827a179320: 48b8 e01f | 4117 fe7f | 0000 ffd0 | 4883 c408 | e90c 0000 | 0048 b8e0 | 1f41 17fe | 7f00 00ff 
  0x000002827a179340: d048 83c4 | 2049 c787 | a003 0000 | 0000 0000 | 49c7 87b0 | 0300 0000 | 0000 0049 | c787 a803 
  0x000002827a179360: 0000 0000 | 0000 c5f8 | 7749 837f | 0800 0f84 | 0500 0000 | e947 7bfe | ff49 8b87 | f803 0000 
  0x000002827a179380: 49c7 87f8 | 0300 0000 | 0000 004c | 8b6d c04c | 8b75 c84e | 8d74 f500 | c341 0fb6 | 5d03 4983 
  0x000002827a1793a0: c503 49ba | d085 cc17 | fe7f 0000 | 41ff 24da 
[/MachCode]

Compiled method (c1) 6769 1356       1       java.security.AccessController::doPrivileged (9 bytes)
 total in heap  [0x000002827a5b7c08,0x000002827a5b7e90] = 648
 relocation     [0x000002827a5b7ce0,0x000002827a5b7d30] = 80
 main code      [0x000002827a5b7d40,0x000002827a5b7e10] = 208
 stub code      [0x000002827a5b7e10,0x000002827a5b7e78] = 104
 metadata       [0x000002827a5b7e78,0x000002827a5b7e90] = 24
 immutable data [0x000002820ede9c90,0x000002820ede9d20] = 144
 dependencies   [0x000002820ede9c90,0x000002820ede9c98] = 8
 scopes pcs     [0x000002820ede9c98,0x000002820ede9ce8] = 80
 scopes data    [0x000002820ede9ce8,0x000002820ede9d20] = 56

[Constant Pool (empty)]

[MachCode]
[Verified Entry Point]
  # {method} {0x000002820f499738} 'doPrivileged' '(Ljava/security/PrivilegedAction;)Ljava/lang/Object;' in 'java/security/AccessController'
  # parm0:    rdx:rdx   = 'java/security/PrivilegedAction'
  #           [sp+0x70]  (sp of caller)
  0x000002827a5b7d40: 8984 2400 | 80ff ff55 | 4883 ec60 | 4181 7f20 | 0100 0000 

  0x000002827a5b7d54: ;   {runtime_call StubRoutines (final stubs)}
  0x000002827a5b7d54: 7405 e8e5 | f9bd ff48 | 8954 2440 | 0f1f 8000 

  0x000002827a5b7d64: ;   {static_call}
  0x000002827a5b7d64: 0000 00e8 

  0x000002827a5b7d68: ; ImmutableOopMap {[64]=Oop }
                      ;*invokestatic getCallerClass {reexecute=0 rethrow=0 return_oop=0}
                      ; - java.security.AccessController::doPrivileged@2 (line 319)
  0x000002827a5b7d68: 44d6 f5ff 

  0x000002827a5b7d6c: ;   {other}
  0x000002827a5b7d6c: 0f1f 8400 | 6401 0000 | 488b 5424 | 4048 8944 | 2448 0f1f | 8000 0000 | 0048 b8a0 | 75e3 0e82 
  0x000002827a5b7d8c: ;   {virtual_call}
  0x000002827a5b7d8c: 0200 00e8 

  0x000002827a5b7d90: ; ImmutableOopMap {[72]=Oop }
                      ;*invokeinterface run {reexecute=0 rethrow=0 return_oop=0}
                      ; - java.security.AccessController::executePrivileged@29 (line 778)
                      ; - java.security.AccessController::doPrivileged@5 (line 319)
  0x000002827a5b7d90: bc33 cbff 

  0x000002827a5b7d94: ;   {other}
  0x000002827a5b7d94: 0f1f 8400 | 8c01 0001 | 488b d048 | 8944 2450 

  0x000002827a5b7da4: ;   {static_call}
  0x000002827a5b7da4: 6666 90e8 

  0x000002827a5b7da8: ; ImmutableOopMap {[72]=Oop [80]=Oop }
                      ;*invokestatic ensureMaterializedForStackWalk {reexecute=0 rethrow=0 return_oop=0}
                      ; - java.security.AccessController::executePrivileged@56 (line 786)
                      ; - java.security.AccessController::doPrivileged@5 (line 319)
  0x000002827a5b7da8: 8423 f6ff 

  0x000002827a5b7dac: ;   {other}
  0x000002827a5b7dac: 0f1f 8400 | a401 0002 | 488b 4424 | 5048 83c4 

  0x000002827a5b7dbc: ;   {poll_return}
  0x000002827a5b7dbc: 605d 493b | a748 0400 | 000f 8701 | 0000 00c3 

  0x000002827a5b7dcc: ;   {internal_word}
  0x000002827a5b7dcc: 49ba be7d | 5b7a 8202 | 0000 4d89 | 9760 0400 

  0x000002827a5b7ddc: ;   {runtime_call SafepointBlob}
  0x000002827a5b7ddc: 00e9 fed5 | bfff 498b | 8700 0500 | 0049 c787 | 0005 0000 | 0000 0000 | 49c7 8708 | 0500 0000 
  0x000002827a5b7dfc: 0000 0048 | 83c4 605d 

  0x000002827a5b7e04: ;   {runtime_call unwind_exception Runtime1 stub}
  0x000002827a5b7e04: e957 4cca | fff4 f4f4 | f4f4 f4f4 
[Stub Code]
  0x000002827a5b7e10: ;   {no_reloc}
  0x000002827a5b7e10: 0f1f 4400 

  0x000002827a5b7e14: ;   {static_stub}
  0x000002827a5b7e14: 0048 bb00 | 0000 0000 

  0x000002827a5b7e1c: ;   {runtime_call nmethod}
  0x000002827a5b7e1c: 0000 00e9 | fbff ffff 

  0x000002827a5b7e24: ;   {static_stub}
  0x000002827a5b7e24: 48bb 0000 | 0000 0000 

  0x000002827a5b7e2c: ;   {runtime_call nmethod}
  0x000002827a5b7e2c: 0000 e9fb 

  0x000002827a5b7e30: ;   {static_stub}
  0x000002827a5b7e30: ffff ff48 | bb00 0000 | 0000 0000 

  0x000002827a5b7e3c: ;   {runtime_call nmethod}
  0x000002827a5b7e3c: 00e9 fbff 

  0x000002827a5b7e40: ;   {runtime_call handle_exception_from_callee Runtime1 stub}
  0x000002827a5b7e40: ffff e899 

  0x000002827a5b7e44: ;   {external_word}
  0x000002827a5b7e44: 7dca ff48 | b930 e5a0 | 17fe 7f00 | 0048 83e4 

  0x000002827a5b7e54: ;   {runtime_call}
  0x000002827a5b7e54: f048 b850 | 4d67 17fe | 7f00 00ff 

  0x000002827a5b7e60: ;   {section_word}
  0x000002827a5b7e60: d0f4 49ba | 627e 5b7a | 8202 0000 

  0x000002827a5b7e6c: ;   {runtime_call DeoptimizationBlob}
  0x000002827a5b7e6c: 4152 e90d | c8bf fff4 | f4f4 f4f4 
[/MachCode]


---------------  P R O C E S S  ---------------

Threads class SMR info:
_java_thread_list=0x000002820edf8e00, length=18, elements={
0x0000028277d427b0, 0x000002827f5dfec0, 0x000002827f5e0920, 0x000002827f5e3e50,
0x000002827f5ec820, 0x000002827f5f4ea0, 0x000002827f5f7240, 0x000002827f5fa5e0,
0x000002820e4e8020, 0x000002820e4f7c90, 0x000002820e5024c0, 0x000002820ea6ff90,
0x000002820ea70600, 0x000002820ebc8e50, 0x000002820ede3f90, 0x000002820ee07bf0,
0x000002820ee3d820, 0x000002820edf9420
}

Java Threads: ( => current thread )
=>0x0000028277d427b0 JavaThread "main"                              [_thread_in_vm, id=3288, stack(0x000000c941400000,0x000000c941500000) (1024K)]
  0x000002827f5dfec0 JavaThread "Reference Handler"          daemon [_thread_blocked, id=20272, stack(0x000000c941c00000,0x000000c941d00000) (1024K)]
  0x000002827f5e0920 JavaThread "Finalizer"                  daemon [_thread_blocked, id=18892, stack(0x000000c941d00000,0x000000c941e00000) (1024K)]
  0x000002827f5e3e50 JavaThread "Signal Dispatcher"          daemon [_thread_blocked, id=1152, stack(0x000000c941e00000,0x000000c941f00000) (1024K)]
  0x000002827f5ec820 JavaThread "Attach Listener"            daemon [_thread_blocked, id=16208, stack(0x000000c941f00000,0x000000c942000000) (1024K)]
  0x000002827f5f4ea0 JavaThread "Service Thread"             daemon [_thread_blocked, id=2572, stack(0x000000c942000000,0x000000c942100000) (1024K)]
  0x000002827f5f7240 JavaThread "Monitor Deflation Thread"   daemon [_thread_blocked, id=10648, stack(0x000000c942100000,0x000000c942200000) (1024K)]
  0x000002827f5fa5e0 JavaThread "C1 CompilerThread0"         daemon [_thread_blocked, id=16904, stack(0x000000c942200000,0x000000c942300000) (1024K)]
  0x000002820e4e8020 JavaThread "Common-Cleaner"             daemon [_thread_blocked, id=13176, stack(0x000000c942300000,0x000000c942400000) (1024K)]
  0x000002820e4f7c90 JavaThread "C1 CompilerThread1"         daemon [_thread_blocked, id=6296, stack(0x000000c942400000,0x000000c942500000) (1024K)]
  0x000002820e5024c0 JavaThread "C1 CompilerThread2"         daemon [_thread_blocked, id=6484, stack(0x000000c942500000,0x000000c942600000) (1024K)]
  0x000002820ea6ff90 JavaThread "Monitor Ctrl-Break"         daemon [_thread_in_native, id=4768, stack(0x000000c942700000,0x000000c942800000) (1024K)]
  0x000002820ea70600 JavaThread "Notification Thread"        daemon [_thread_blocked, id=19500, stack(0x000000c942800000,0x000000c942900000) (1024K)]
  0x000002820ebc8e50 JavaThread "C1 CompilerThread3"         daemon [_thread_blocked, id=3272, stack(0x000000c942600000,0x000000c942700000) (1024K)]
  0x000002820ede3f90 JavaThread "RMI TCP Accept-0"           daemon [_thread_in_native, id=20132, stack(0x000000c942900000,0x000000c942a00000) (1024K)]
  0x000002820ee07bf0 JavaThread "RMI TCP Connection(1)-192.168.79.1" daemon [_thread_in_native, id=2172, stack(0x000000c942a00000,0x000000c942b00000) (1024K)]
  0x000002820ee3d820 JavaThread "RMI Scheduler(0)"           daemon [_thread_blocked, id=4760, stack(0x000000c942b00000,0x000000c942c00000) (1024K)]
  0x000002820edf9420 JavaThread "JMX server connection timeout 34" daemon [_thread_blocked, id=18716, stack(0x000000c942c00000,0x000000c942d00000) (1024K)]
Total: 18

Other Threads:
  0x000002827f5bfd10 VMThread "VM Thread"                           [id=9652, stack(0x000000c941b00000,0x000000c941c00000) (1024K)]
  0x000002827f5ac690 WatcherThread "VM Periodic Task Thread"        [id=19908, stack(0x000000c941a00000,0x000000c941b00000) (1024K)]
  0x000002827a1168c0 WorkerThread "GC Thread#0"                     [id=16712, stack(0x000000c941500000,0x000000c941600000) (1024K)]
  0x000002827f5c00c0 WorkerThread "GC Thread#1"                     [id=17800, stack(0x000000c942d00000,0x000000c942e00000) (1024K)]
  0x000002827f5c0bd0 WorkerThread "GC Thread#2"                     [id=5520, stack(0x000000c942e00000,0x000000c942f00000) (1024K)]
  0x000002827f5c0470 WorkerThread "GC Thread#3"                     [id=5176, stack(0x000000c942f00000,0x000000c943000000) (1024K)]
  0x000002827f5c0820 WorkerThread "GC Thread#4"                     [id=18660, stack(0x000000c943000000,0x000000c943100000) (1024K)]
  0x000002820eec96f0 WorkerThread "GC Thread#5"                     [id=13864, stack(0x000000c943100000,0x000000c943200000) (1024K)]
  0x000002820eec9340 WorkerThread "GC Thread#6"                     [id=19932, stack(0x000000c943200000,0x000000c943300000) (1024K)]
  0x000002820eec9aa0 WorkerThread "GC Thread#7"                     [id=14764, stack(0x000000c943300000,0x000000c943400000) (1024K)]
  0x000002820eeca200 WorkerThread "GC Thread#8"                     [id=10884, stack(0x000000c943400000,0x000000c943500000) (1024K)]
  0x0000028277dfe4a0 ConcurrentGCThread "G1 Main Marker"            [id=11480, stack(0x000000c941600000,0x000000c941700000) (1024K)]
  0x000002827a12b550 WorkerThread "G1 Conc#0"                       [id=6456, stack(0x000000c941700000,0x000000c941800000) (1024K)]
  0x000002827f47f3c0 ConcurrentGCThread "G1 Refine#0"               [id=15168, stack(0x000000c941800000,0x000000c941900000) (1024K)]
  0x000002827f47fd50 ConcurrentGCThread "G1 Service"                [id=9124, stack(0x000000c941900000,0x000000c941a00000) (1024K)]
Total: 15

Threads with active compile tasks:
Total: 0

VM state: not at safepoint (normal execution)

VM Mutex/Monitor currently owned by a thread:  ([mutex/lock_event])
[0x00007ffe17cb2888] Metaspace_lock - owner thread: 0x0000028277d427b0

Heap address: 0x000000070a200000, size: 3934 MB, Compressed Oops mode: Zero based, Oop shift amount: 3

CDS archive(s) mapped at: [0x000002820f000000-0x000002820fd70000-0x000002820fd70000), size 14090240, SharedBaseAddress: 0x000002820f000000, ArchiveRelocationMode: 1.
Compressed class space mapped at: 0x0000028210000000-0x0000028250000000, reserved size: 1073741824
Narrow klass base: 0x000002820f000000, Narrow klass shift: 0, Narrow klass range: 0x41000000

GC Precious Log:
 CardTable entry size: 512
 Card Set container configuration: InlinePtr #cards 4 size 8 Array Of Cards #cards 16 size 48 Howl #buckets 8 coarsen threshold 3686 Howl Bitmap #cards 512 size 80 coarsen threshold 460 Card regions per heap region 1 cards per card region 4096
 CPUs: 16 total, 16 available
 Memory: 15732M
 Large Page Support: Disabled
 NUMA Support: Disabled
 Compressed Oops: Enabled (Zero based)
 Heap Region Size: 2M
 Heap Min Capacity: 8M
 Heap Initial Capacity: 246M
 Heap Max Capacity: 3934M
 Pre-touch: Disabled
 Parallel Workers: 13
 Concurrent Workers: 3
 Concurrent Refinement Workers: 13
 Periodic GC: Disabled

Heap:
 garbage-first heap   total reserved 4028416K, committed 251904K, used 7270K [0x000000070a200000, 0x0000000800000000)
  region size 2048K, 3 young (6144K), 2 survivors (4096K)
 Metaspace       used 6577K, committed 6848K, reserved 1114112K
  class space    used 824K, committed 960K, reserved 1048576K

Heap Regions: E=young(eden), S=young(survivor), O=old, HS=humongous(starts), HC=humongous(continues), CS=collection set, F=free, TAMS=top-at-mark-start, PB=parsable bottom
|   0|0x000000070a200000, 0x000000070a400000, 0x000000070a400000|100%| O|  |TAMS 0x000000070a200000| PB 0x000000070a200000| Untracked |  0
|   1|0x000000070a400000, 0x000000070a5199e0, 0x000000070a600000| 55%| O|  |TAMS 0x000000070a400000| PB 0x000000070a400000| Untracked |  0
|   2|0x000000070a600000, 0x000000070a600000, 0x000000070a800000|  0%| F|  |TAMS 0x000000070a600000| PB 0x000000070a600000| Untracked |  0
|   3|0x000000070a800000, 0x000000070a800000, 0x000000070aa00000|  0%| F|  |TAMS 0x000000070a800000| PB 0x000000070a800000| Untracked |  0
|   4|0x000000070aa00000, 0x000000070aa00000, 0x000000070ac00000|  0%| F|  |TAMS 0x000000070aa00000| PB 0x000000070aa00000| Untracked |  0
|   5|0x000000070ac00000, 0x000000070ac00000, 0x000000070ae00000|  0%| F|  |TAMS 0x000000070ac00000| PB 0x000000070ac00000| Untracked |  0
|   6|0x000000070ae00000, 0x000000070ae00000, 0x000000070b000000|  0%| F|  |TAMS 0x000000070ae00000| PB 0x000000070ae00000| Untracked |  0
|   7|0x000000070b000000, 0x000000070b000000, 0x000000070b200000|  0%| F|  |TAMS 0x000000070b000000| PB 0x000000070b000000| Untracked |  0
|   8|0x000000070b200000, 0x000000070b200000, 0x000000070b400000|  0%| F|  |TAMS 0x000000070b200000| PB 0x000000070b200000| Untracked |  0
|   9|0x000000070b400000, 0x000000070b400000, 0x000000070b600000|  0%| F|  |TAMS 0x000000070b400000| PB 0x000000070b400000| Untracked |  0
|  10|0x000000070b600000, 0x000000070b600000, 0x000000070b800000|  0%| F|  |TAMS 0x000000070b600000| PB 0x000000070b600000| Untracked |  0
|  11|0x000000070b800000, 0x000000070b800000, 0x000000070ba00000|  0%| F|  |TAMS 0x000000070b800000| PB 0x000000070b800000| Untracked |  0
|  12|0x000000070ba00000, 0x000000070ba00000, 0x000000070bc00000|  0%| F|  |TAMS 0x000000070ba00000| PB 0x000000070ba00000| Untracked |  0
|  13|0x000000070bc00000, 0x000000070bc00000, 0x000000070be00000|  0%| F|  |TAMS 0x000000070bc00000| PB 0x000000070bc00000| Untracked |  0
|  14|0x000000070be00000, 0x000000070be00000, 0x000000070c000000|  0%| F|  |TAMS 0x000000070be00000| PB 0x000000070be00000| Untracked |  0
|  15|0x000000070c000000, 0x000000070c000000, 0x000000070c200000|  0%| F|  |TAMS 0x000000070c000000| PB 0x000000070c000000| Untracked |  0
|  16|0x000000070c200000, 0x000000070c200000, 0x000000070c400000|  0%| F|  |TAMS 0x000000070c200000| PB 0x000000070c200000| Untracked |  0
|  17|0x000000070c400000, 0x000000070c400000, 0x000000070c600000|  0%| F|  |TAMS 0x000000070c400000| PB 0x000000070c400000| Untracked |  0
|  18|0x000000070c600000, 0x000000070c600000, 0x000000070c800000|  0%| F|  |TAMS 0x000000070c600000| PB 0x000000070c600000| Untracked |  0
|  19|0x000000070c800000, 0x000000070c800000, 0x000000070ca00000|  0%| F|  |TAMS 0x000000070c800000| PB 0x000000070c800000| Untracked |  0
|  20|0x000000070ca00000, 0x000000070ca00000, 0x000000070cc00000|  0%| F|  |TAMS 0x000000070ca00000| PB 0x000000070ca00000| Untracked |  0
|  21|0x000000070cc00000, 0x000000070cc00000, 0x000000070ce00000|  0%| F|  |TAMS 0x000000070cc00000| PB 0x000000070cc00000| Untracked |  0
|  22|0x000000070ce00000, 0x000000070ce00000, 0x000000070d000000|  0%| F|  |TAMS 0x000000070ce00000| PB 0x000000070ce00000| Untracked |  0
|  23|0x000000070d000000, 0x000000070d000000, 0x000000070d200000|  0%| F|  |TAMS 0x000000070d000000| PB 0x000000070d000000| Untracked |  0
|  24|0x000000070d200000, 0x000000070d200000, 0x000000070d400000|  0%| F|  |TAMS 0x000000070d200000| PB 0x000000070d200000| Untracked |  0
|  25|0x000000070d400000, 0x000000070d400000, 0x000000070d600000|  0%| F|  |TAMS 0x000000070d400000| PB 0x000000070d400000| Untracked |  0
|  26|0x000000070d600000, 0x000000070d600000, 0x000000070d800000|  0%| F|  |TAMS 0x000000070d600000| PB 0x000000070d600000| Untracked |  0
|  27|0x000000070d800000, 0x000000070d800000, 0x000000070da00000|  0%| F|  |TAMS 0x000000070d800000| PB 0x000000070d800000| Untracked |  0
|  28|0x000000070da00000, 0x000000070da00000, 0x000000070dc00000|  0%| F|  |TAMS 0x000000070da00000| PB 0x000000070da00000| Untracked |  0
|  29|0x000000070dc00000, 0x000000070dc00000, 0x000000070de00000|  0%| F|  |TAMS 0x000000070dc00000| PB 0x000000070dc00000| Untracked |  0
|  30|0x000000070de00000, 0x000000070de00000, 0x000000070e000000|  0%| F|  |TAMS 0x000000070de00000| PB 0x000000070de00000| Untracked |  0
|  31|0x000000070e000000, 0x000000070e000000, 0x000000070e200000|  0%| F|  |TAMS 0x000000070e000000| PB 0x000000070e000000| Untracked |  0
|  32|0x000000070e200000, 0x000000070e200000, 0x000000070e400000|  0%| F|  |TAMS 0x000000070e200000| PB 0x000000070e200000| Untracked |  0
|  33|0x000000070e400000, 0x000000070e400000, 0x000000070e600000|  0%| F|  |TAMS 0x000000070e400000| PB 0x000000070e400000| Untracked |  0
|  34|0x000000070e600000, 0x000000070e600000, 0x000000070e800000|  0%| F|  |TAMS 0x000000070e600000| PB 0x000000070e600000| Untracked |  0
|  35|0x000000070e800000, 0x000000070e800000, 0x000000070ea00000|  0%| F|  |TAMS 0x000000070e800000| PB 0x000000070e800000| Untracked |  0
|  36|0x000000070ea00000, 0x000000070ea00000, 0x000000070ec00000|  0%| F|  |TAMS 0x000000070ea00000| PB 0x000000070ea00000| Untracked |  0
|  37|0x000000070ec00000, 0x000000070ec00000, 0x000000070ee00000|  0%| F|  |TAMS 0x000000070ec00000| PB 0x000000070ec00000| Untracked |  0
|  38|0x000000070ee00000, 0x000000070ee00000, 0x000000070f000000|  0%| F|  |TAMS 0x000000070ee00000| PB 0x000000070ee00000| Untracked |  0
|  39|0x000000070f000000, 0x000000070f000000, 0x000000070f200000|  0%| F|  |TAMS 0x000000070f000000| PB 0x000000070f000000| Untracked |  0
|  40|0x000000070f200000, 0x000000070f200000, 0x000000070f400000|  0%| F|  |TAMS 0x000000070f200000| PB 0x000000070f200000| Untracked |  0
|  41|0x000000070f400000, 0x000000070f400000, 0x000000070f600000|  0%| F|  |TAMS 0x000000070f400000| PB 0x000000070f400000| Untracked |  0
|  42|0x000000070f600000, 0x000000070f600000, 0x000000070f800000|  0%| F|  |TAMS 0x000000070f600000| PB 0x000000070f600000| Untracked |  0
|  43|0x000000070f800000, 0x000000070f800000, 0x000000070fa00000|  0%| F|  |TAMS 0x000000070f800000| PB 0x000000070f800000| Untracked |  0
|  44|0x000000070fa00000, 0x000000070fa00000, 0x000000070fc00000|  0%| F|  |TAMS 0x000000070fa00000| PB 0x000000070fa00000| Untracked |  0
|  45|0x000000070fc00000, 0x000000070fc00000, 0x000000070fe00000|  0%| F|  |TAMS 0x000000070fc00000| PB 0x000000070fc00000| Untracked |  0
|  46|0x000000070fe00000, 0x000000070fe00000, 0x0000000710000000|  0%| F|  |TAMS 0x000000070fe00000| PB 0x000000070fe00000| Untracked |  0
|  47|0x0000000710000000, 0x0000000710000000, 0x0000000710200000|  0%| F|  |TAMS 0x0000000710000000| PB 0x0000000710000000| Untracked |  0
|  48|0x0000000710200000, 0x0000000710200000, 0x0000000710400000|  0%| F|  |TAMS 0x0000000710200000| PB 0x0000000710200000| Untracked |  0
|  49|0x0000000710400000, 0x0000000710400000, 0x0000000710600000|  0%| F|  |TAMS 0x0000000710400000| PB 0x0000000710400000| Untracked |  0
|  50|0x0000000710600000, 0x0000000710600000, 0x0000000710800000|  0%| F|  |TAMS 0x0000000710600000| PB 0x0000000710600000| Untracked |  0
|  51|0x0000000710800000, 0x0000000710800000, 0x0000000710a00000|  0%| F|  |TAMS 0x0000000710800000| PB 0x0000000710800000| Untracked |  0
|  52|0x0000000710a00000, 0x0000000710a00000, 0x0000000710c00000|  0%| F|  |TAMS 0x0000000710a00000| PB 0x0000000710a00000| Untracked |  0
|  53|0x0000000710c00000, 0x0000000710c00000, 0x0000000710e00000|  0%| F|  |TAMS 0x0000000710c00000| PB 0x0000000710c00000| Untracked |  0
|  54|0x0000000710e00000, 0x0000000710e00000, 0x0000000711000000|  0%| F|  |TAMS 0x0000000710e00000| PB 0x0000000710e00000| Untracked |  0
|  55|0x0000000711000000, 0x0000000711000000, 0x0000000711200000|  0%| F|  |TAMS 0x0000000711000000| PB 0x0000000711000000| Untracked |  0
|  56|0x0000000711200000, 0x0000000711200000, 0x0000000711400000|  0%| F|  |TAMS 0x0000000711200000| PB 0x0000000711200000| Untracked |  0
|  57|0x0000000711400000, 0x0000000711400000, 0x0000000711600000|  0%| F|  |TAMS 0x0000000711400000| PB 0x0000000711400000| Untracked |  0
|  58|0x0000000711600000, 0x0000000711600000, 0x0000000711800000|  0%| F|  |TAMS 0x0000000711600000| PB 0x0000000711600000| Untracked |  0
|  59|0x0000000711800000, 0x0000000711800000, 0x0000000711a00000|  0%| F|  |TAMS 0x0000000711800000| PB 0x0000000711800000| Untracked |  0
|  60|0x0000000711a00000, 0x0000000711a00000, 0x0000000711c00000|  0%| F|  |TAMS 0x0000000711a00000| PB 0x0000000711a00000| Untracked |  0
|  61|0x0000000711c00000, 0x0000000711c00000, 0x0000000711e00000|  0%| F|  |TAMS 0x0000000711c00000| PB 0x0000000711c00000| Untracked |  0
|  62|0x0000000711e00000, 0x0000000711e00000, 0x0000000712000000|  0%| F|  |TAMS 0x0000000711e00000| PB 0x0000000711e00000| Untracked |  0
|  63|0x0000000712000000, 0x0000000712000000, 0x0000000712200000|  0%| F|  |TAMS 0x0000000712000000| PB 0x0000000712000000| Untracked |  0
|  64|0x0000000712200000, 0x0000000712200000, 0x0000000712400000|  0%| F|  |TAMS 0x0000000712200000| PB 0x0000000712200000| Untracked |  0
|  65|0x0000000712400000, 0x0000000712400000, 0x0000000712600000|  0%| F|  |TAMS 0x0000000712400000| PB 0x0000000712400000| Untracked |  0
|  66|0x0000000712600000, 0x0000000712600000, 0x0000000712800000|  0%| F|  |TAMS 0x0000000712600000| PB 0x0000000712600000| Untracked |  0
|  67|0x0000000712800000, 0x0000000712800000, 0x0000000712a00000|  0%| F|  |TAMS 0x0000000712800000| PB 0x0000000712800000| Untracked |  0
|  68|0x0000000712a00000, 0x0000000712a00000, 0x0000000712c00000|  0%| F|  |TAMS 0x0000000712a00000| PB 0x0000000712a00000| Untracked |  0
|  69|0x0000000712c00000, 0x0000000712c00000, 0x0000000712e00000|  0%| F|  |TAMS 0x0000000712c00000| PB 0x0000000712c00000| Untracked |  0
|  70|0x0000000712e00000, 0x0000000712e00000, 0x0000000713000000|  0%| F|  |TAMS 0x0000000712e00000| PB 0x0000000712e00000| Untracked |  0
|  71|0x0000000713000000, 0x0000000713000000, 0x0000000713200000|  0%| F|  |TAMS 0x0000000713000000| PB 0x0000000713000000| Untracked |  0
|  72|0x0000000713200000, 0x0000000713200000, 0x0000000713400000|  0%| F|  |TAMS 0x0000000713200000| PB 0x0000000713200000| Untracked |  0
|  73|0x0000000713400000, 0x0000000713400000, 0x0000000713600000|  0%| F|  |TAMS 0x0000000713400000| PB 0x0000000713400000| Untracked |  0
|  74|0x0000000713600000, 0x0000000713600000, 0x0000000713800000|  0%| F|  |TAMS 0x0000000713600000| PB 0x0000000713600000| Untracked |  0
|  75|0x0000000713800000, 0x0000000713800000, 0x0000000713a00000|  0%| F|  |TAMS 0x0000000713800000| PB 0x0000000713800000| Untracked |  0
|  76|0x0000000713a00000, 0x0000000713a00000, 0x0000000713c00000|  0%| F|  |TAMS 0x0000000713a00000| PB 0x0000000713a00000| Untracked |  0
|  77|0x0000000713c00000, 0x0000000713c00000, 0x0000000713e00000|  0%| F|  |TAMS 0x0000000713c00000| PB 0x0000000713c00000| Untracked |  0
|  78|0x0000000713e00000, 0x0000000713e00000, 0x0000000714000000|  0%| F|  |TAMS 0x0000000713e00000| PB 0x0000000713e00000| Untracked |  0
|  79|0x0000000714000000, 0x0000000714000000, 0x0000000714200000|  0%| F|  |TAMS 0x0000000714000000| PB 0x0000000714000000| Untracked |  0
|  80|0x0000000714200000, 0x0000000714200000, 0x0000000714400000|  0%| F|  |TAMS 0x0000000714200000| PB 0x0000000714200000| Untracked |  0
|  81|0x0000000714400000, 0x0000000714400000, 0x0000000714600000|  0%| F|  |TAMS 0x0000000714400000| PB 0x0000000714400000| Untracked |  0
|  82|0x0000000714600000, 0x0000000714600000, 0x0000000714800000|  0%| F|  |TAMS 0x0000000714600000| PB 0x0000000714600000| Untracked |  0
|  83|0x0000000714800000, 0x0000000714800000, 0x0000000714a00000|  0%| F|  |TAMS 0x0000000714800000| PB 0x0000000714800000| Untracked |  0
|  84|0x0000000714a00000, 0x0000000714a00000, 0x0000000714c00000|  0%| F|  |TAMS 0x0000000714a00000| PB 0x0000000714a00000| Untracked |  0
|  85|0x0000000714c00000, 0x0000000714c00000, 0x0000000714e00000|  0%| F|  |TAMS 0x0000000714c00000| PB 0x0000000714c00000| Untracked |  0
|  86|0x0000000714e00000, 0x0000000714e00000, 0x0000000715000000|  0%| F|  |TAMS 0x0000000714e00000| PB 0x0000000714e00000| Untracked |  0
|  87|0x0000000715000000, 0x0000000715000000, 0x0000000715200000|  0%| F|  |TAMS 0x0000000715000000| PB 0x0000000715000000| Untracked |  0
|  88|0x0000000715200000, 0x0000000715200000, 0x0000000715400000|  0%| F|  |TAMS 0x0000000715200000| PB 0x0000000715200000| Untracked |  0
|  89|0x0000000715400000, 0x0000000715400000, 0x0000000715600000|  0%| F|  |TAMS 0x0000000715400000| PB 0x0000000715400000| Untracked |  0
|  90|0x0000000715600000, 0x0000000715600000, 0x0000000715800000|  0%| F|  |TAMS 0x0000000715600000| PB 0x0000000715600000| Untracked |  0
|  91|0x0000000715800000, 0x0000000715800000, 0x0000000715a00000|  0%| F|  |TAMS 0x0000000715800000| PB 0x0000000715800000| Untracked |  0
|  92|0x0000000715a00000, 0x0000000715a00000, 0x0000000715c00000|  0%| F|  |TAMS 0x0000000715a00000| PB 0x0000000715a00000| Untracked |  0
|  93|0x0000000715c00000, 0x0000000715c00000, 0x0000000715e00000|  0%| F|  |TAMS 0x0000000715c00000| PB 0x0000000715c00000| Untracked |  0
|  94|0x0000000715e00000, 0x0000000715e00000, 0x0000000716000000|  0%| F|  |TAMS 0x0000000715e00000| PB 0x0000000715e00000| Untracked |  0
|  95|0x0000000716000000, 0x0000000716000000, 0x0000000716200000|  0%| F|  |TAMS 0x0000000716000000| PB 0x0000000716000000| Untracked |  0
|  96|0x0000000716200000, 0x0000000716200000, 0x0000000716400000|  0%| F|  |TAMS 0x0000000716200000| PB 0x0000000716200000| Untracked |  0
|  97|0x0000000716400000, 0x0000000716400000, 0x0000000716600000|  0%| F|  |TAMS 0x0000000716400000| PB 0x0000000716400000| Untracked |  0
|  98|0x0000000716600000, 0x0000000716600000, 0x0000000716800000|  0%| F|  |TAMS 0x0000000716600000| PB 0x0000000716600000| Untracked |  0
|  99|0x0000000716800000, 0x0000000716800000, 0x0000000716a00000|  0%| F|  |TAMS 0x0000000716800000| PB 0x0000000716800000| Untracked |  0
| 100|0x0000000716a00000, 0x0000000716a00000, 0x0000000716c00000|  0%| F|  |TAMS 0x0000000716a00000| PB 0x0000000716a00000| Untracked |  0
| 101|0x0000000716c00000, 0x0000000716c00000, 0x0000000716e00000|  0%| F|  |TAMS 0x0000000716c00000| PB 0x0000000716c00000| Untracked |  0
| 102|0x0000000716e00000, 0x0000000716e00000, 0x0000000717000000|  0%| F|  |TAMS 0x0000000716e00000| PB 0x0000000716e00000| Untracked |  0
| 103|0x0000000717000000, 0x0000000717000000, 0x0000000717200000|  0%| F|  |TAMS 0x0000000717000000| PB 0x0000000717000000| Untracked |  0
| 104|0x0000000717200000, 0x0000000717200000, 0x0000000717400000|  0%| F|  |TAMS 0x0000000717200000| PB 0x0000000717200000| Untracked |  0
| 105|0x0000000717400000, 0x0000000717400000, 0x0000000717600000|  0%| F|  |TAMS 0x0000000717400000| PB 0x0000000717400000| Untracked |  0
| 106|0x0000000717600000, 0x0000000717600000, 0x0000000717800000|  0%| F|  |TAMS 0x0000000717600000| PB 0x0000000717600000| Untracked |  0
| 107|0x0000000717800000, 0x0000000717800000, 0x0000000717a00000|  0%| F|  |TAMS 0x0000000717800000| PB 0x0000000717800000| Untracked |  0
| 108|0x0000000717a00000, 0x0000000717a00000, 0x0000000717c00000|  0%| F|  |TAMS 0x0000000717a00000| PB 0x0000000717a00000| Untracked |  0
| 109|0x0000000717c00000, 0x0000000717e00000, 0x0000000717e00000|100%| S|CS|TAMS 0x0000000717c00000| PB 0x0000000717c00000| Complete |  0
| 110|0x0000000717e00000, 0x0000000718000000, 0x0000000718000000|100%| S|CS|TAMS 0x0000000717e00000| PB 0x0000000717e00000| Complete |  0
| 111|0x0000000718000000, 0x0000000718000000, 0x0000000718200000|  0%| F|  |TAMS 0x0000000718000000| PB 0x0000000718000000| Untracked |  0
| 112|0x0000000718200000, 0x0000000718200000, 0x0000000718400000|  0%| F|  |TAMS 0x0000000718200000| PB 0x0000000718200000| Untracked |  0
| 113|0x0000000718400000, 0x0000000718400000, 0x0000000718600000|  0%| F|  |TAMS 0x0000000718400000| PB 0x0000000718400000| Untracked |  0
| 114|0x0000000718600000, 0x0000000718600000, 0x0000000718800000|  0%| F|  |TAMS 0x0000000718600000| PB 0x0000000718600000| Untracked |  0
| 115|0x0000000718800000, 0x0000000718800000, 0x0000000718a00000|  0%| F|  |TAMS 0x0000000718800000| PB 0x0000000718800000| Untracked |  0
| 116|0x0000000718a00000, 0x0000000718a00000, 0x0000000718c00000|  0%| F|  |TAMS 0x0000000718a00000| PB 0x0000000718a00000| Untracked |  0
| 117|0x0000000718c00000, 0x0000000718c00000, 0x0000000718e00000|  0%| F|  |TAMS 0x0000000718c00000| PB 0x0000000718c00000| Untracked |  0
| 118|0x0000000718e00000, 0x0000000718e00000, 0x0000000719000000|  0%| F|  |TAMS 0x0000000718e00000| PB 0x0000000718e00000| Untracked |  0
| 119|0x0000000719000000, 0x0000000719000000, 0x0000000719200000|  0%| F|  |TAMS 0x0000000719000000| PB 0x0000000719000000| Untracked |  0
| 120|0x0000000719200000, 0x0000000719200000, 0x0000000719400000|  0%| F|  |TAMS 0x0000000719200000| PB 0x0000000719200000| Untracked |  0
| 121|0x0000000719400000, 0x0000000719400000, 0x0000000719600000|  0%| F|  |TAMS 0x0000000719400000| PB 0x0000000719400000| Untracked |  0
| 122|0x0000000719600000, 0x000000071975f2f0, 0x0000000719800000| 68%| E|  |TAMS 0x0000000719600000| PB 0x0000000719600000| Complete |  0

Card table byte_map: [0x000002827e1a0000,0x000002827e950000] _byte_map_base: 0x000002827a94f000

Marking Bits: (CMBitMap*) 0x0000028277dfdde0
 Bits: [0x0000028208670000, 0x000002820c3e8000)

Polling page: 0x00000282780a0000

Metaspace:

Usage:
  Non-class:      5.62 MB used.
      Class:    824.47 KB used.
       Both:      6.42 MB used.

Virtual space:
  Non-class space:       64.00 MB reserved,       5.75 MB (  9%) committed,  1 nodes.
      Class space:        1.00 GB reserved,     960.00 KB ( <1%) committed,  1 nodes.
             Both:        1.06 GB reserved,       6.69 MB ( <1%) committed. 

Chunk freelists:
   Non-Class:  10.23 MB
       Class:  15.11 MB
        Both:  25.34 MB

MaxMetaspaceSize: unlimited
CompressedClassSpaceSize: 1.00 GB
Initial GC threshold: 21.00 MB
Current GC threshold: 21.00 MB
CDS: on
 - commit_granule_bytes: 65536.
 - commit_granule_words: 8192.
 - virtual_space_node_default_size: 8388608.
 - enlarge_chunks_in_place: 1.
 - use_allocation_guard: 0.


Internal statistics:

num_allocs_failed_limit: 0.
num_arena_births: 236.
num_arena_deaths: 0.
num_vsnodes_births: 2.
num_vsnodes_deaths: 0.
num_space_committed: 107.
num_space_uncommitted: 0.
num_chunks_returned_to_freelist: 0.
num_chunks_taken_from_freelist: 314.
num_chunk_merges: 0.
num_chunk_splits: 189.
num_chunks_enlarged: 94.
num_inconsistent_stats: 0.

CodeCache: size=49152Kb used=4537Kb max_used=4537Kb free=44614Kb
 bounds [0x000002827a160000, 0x000002827a5d0000, 0x000002827d160000]
 total_blobs=1929, nmethods=1442, adapters=410, full_count=0
Compilation: enabled, stopped_count=0, restarted_count=0

Compilation events (20 events):
Event: 2.587 Thread 0x000002820e5024c0 1433       1       java.lang.ClassLoader::findLoadedClass (15 bytes)
Event: 2.587 Thread 0x000002820e5024c0 nmethod 1433 0x000002827a5cb108 code [0x000002827a5cb240, 0x000002827a5cb398]
Event: 2.588 Thread 0x000002820e5024c0 1434       1       java.util.jar.JarFile::maybeInstantiateVerifier (42 bytes)
Event: 2.588 Thread 0x000002820e5024c0 nmethod 1434 0x000002827a5cb408 code [0x000002827a5cb540, 0x000002827a5cb6e8]
Event: 2.589 Thread 0x000002820e5024c0 1435       1       java.lang.ClassLoader::getClassLoadingLock (35 bytes)
Event: 2.589 Thread 0x000002820e5024c0 nmethod 1435 0x000002827a5cb708 code [0x000002827a5cb820, 0x000002827a5cb998]
Event: 2.589 Thread 0x000002820e5024c0 1436   !   1       jdk.internal.loader.BuiltinClassLoader::loadClassOrNull (143 bytes)
Event: 2.590 Thread 0x000002820e5024c0 nmethod 1436 0x000002827a5cba08 code [0x000002827a5cbbe0, 0x000002827a5cc388]
Event: 2.593 Thread 0x000002827f5fa5e0 1437       1       java.lang.NamedPackage::module (5 bytes)
Event: 2.593 Thread 0x000002820ebc8e50 1438       1       java.io.FilterInputStream::<init> (10 bytes)
Event: 2.593 Thread 0x000002827f5fa5e0 nmethod 1437 0x000002827a5cc908 code [0x000002827a5cca20, 0x000002827a5ccaf0]
Event: 2.593 Thread 0x000002820ebc8e50 nmethod 1438 0x000002827a5ccc08 code [0x000002827a5ccd20, 0x000002827a5cce40]
Event: 2.594 Thread 0x000002820ebc8e50 1439   !   1       java.util.zip.ZipFile$ZipFileInputStream::read (135 bytes)
Event: 2.594 Thread 0x000002827f5fa5e0 1440       1       java.util.zip.ZipFile::ensureOpenOrZipException (19 bytes)
Event: 2.594 Thread 0x000002820e4f7c90 1441       1       java.util.zip.ZipFile$ZipFileInputStream::initDataOffset (117 bytes)
Event: 2.594 Thread 0x000002827f5fa5e0 nmethod 1440 0x000002827a5ccf08 code [0x000002827a5cd020, 0x000002827a5cd168]
Event: 2.594 Thread 0x000002820ebc8e50 nmethod 1439 0x000002827a5cd208 code [0x000002827a5cd380, 0x000002827a5cd920]
Event: 2.594 Thread 0x000002820e4f7c90 nmethod 1441 0x000002827a5cd988 code [0x000002827a5cdae0, 0x000002827a5cde88]
Event: 2.595 Thread 0x000002820ebc8e50 1442   !   1       java.util.zip.ZipFile$Source::readAt (39 bytes)
Event: 2.596 Thread 0x000002820ebc8e50 nmethod 1442 0x000002827a5cdf08 code [0x000002827a5ce080, 0x000002827a5ce4f0]

GC Heap History (2 events):
Event: 2.575 GC heap before
{Heap before GC invocations=0 (full 0):
 garbage-first heap   total reserved 4028416K, committed 251904K, used 22528K [0x000000070a200000, 0x0000000800000000)
  region size 2048K, 12 young (24576K), 0 survivors (0K)
 Metaspace       used 6366K, committed 6656K, reserved 1114112K
  class space    used 800K, committed 896K, reserved 1048576K
}
Event: 2.580 GC heap after
{Heap after GC invocations=1 (full 0):
 garbage-first heap   total reserved 4028416K, committed 251904K, used 7270K [0x000000070a200000, 0x0000000800000000)
  region size 2048K, 2 young (4096K), 2 survivors (4096K)
 Metaspace       used 6366K, committed 6656K, reserved 1114112K
  class space    used 800K, committed 896K, reserved 1048576K
}

Dll operation events (11 events):
Event: 0.012 Loaded shared library C:\Users\med ayoub\.jdks\openjdk-23.0.2\bin\java.dll
Event: 0.148 Loaded shared library C:\Users\med ayoub\.jdks\openjdk-23.0.2\bin\zip.dll
Event: 0.152 Loaded shared library C:\Users\med ayoub\.jdks\openjdk-23.0.2\bin\instrument.dll
Event: 0.158 Loaded shared library C:\Users\med ayoub\.jdks\openjdk-23.0.2\bin\net.dll
Event: 0.161 Loaded shared library C:\Users\med ayoub\.jdks\openjdk-23.0.2\bin\nio.dll
Event: 0.165 Loaded shared library C:\Users\med ayoub\.jdks\openjdk-23.0.2\bin\zip.dll
Event: 1.235 Loaded shared library C:\Users\med ayoub\.jdks\openjdk-23.0.2\bin\jimage.dll
Event: 1.309 Loaded shared library C:\Program Files\JetBrains\IntelliJ IDEA 2024.3.2.1\bin\breakgen64.dll
Event: 1.315 Loaded shared library C:\Users\med ayoub\.jdks\openjdk-23.0.2\bin\extnet.dll
Event: 1.318 Loaded shared library C:\Users\med ayoub\.jdks\openjdk-23.0.2\bin\management.dll
Event: 1.326 Loaded shared library C:\Users\med ayoub\.jdks\openjdk-23.0.2\bin\management_ext.dll

Deoptimization events (0 events):
No events

Classes loaded (20 events):
Event: 2.572 Loading class sun/net/www/MessageHeader
Event: 2.572 Loading class sun/net/www/MessageHeader done
Event: 2.572 Loading class sun/net/www/protocol/jar/URLJarFile
Event: 2.572 Loading class sun/net/www/protocol/jar/URLJarFile done
Event: 2.573 Loading class sun/net/www/protocol/jar/URLJarFile$URLJarFileEntry
Event: 2.573 Loading class sun/net/www/protocol/jar/URLJarFile$URLJarFileEntry done
Event: 2.573 Loading class sun/net/www/protocol/jar/JarURLConnection$JarURLInputStream
Event: 2.573 Loading class sun/net/www/protocol/jar/JarURLConnection$JarURLInputStream done
Event: 2.588 Loading class java/lang/IndexOutOfBoundsException
Event: 2.588 Loading class java/lang/IndexOutOfBoundsException done
Event: 2.598 Loading class java/security/Policy
Event: 2.598 Loading class java/security/Policy done
Event: 2.598 Loading class java/security/Policy$UnsupportedEmptyCollection
Event: 2.598 Loading class java/security/Policy$UnsupportedEmptyCollection done
Event: 2.598 Loading class java/security/Policy$PolicyInfo
Event: 2.598 Loading class java/security/Policy$PolicyInfo done
Event: 2.599 Loading class java/security/Policy$1
Event: 2.599 Loading class java/security/Policy$1 done
Event: 2.599 Loading class sun/security/provider/PolicyFile
Event: 2.599 Loading class sun/security/provider/PolicyFile done

Classes unloaded (0 events):
No events

Classes redefined (0 events):
No events

Internal exceptions (20 events):
Event: 1.328 Thread 0x000002827f5ec820 Exception <a 'java/lang/NoSuchMethodError'{0x0000000718f52d20}: 'int java.lang.invoke.DirectMethodHandle$Holder.invokeInterface(java.lang.Object, java.lang.Object)'> (0x0000000718f52d20) 
thrown [s\open\src\hotspot\share\interpreter\linkResolver.cpp, line 796]
Event: 1.329 Thread 0x000002827f5ec820 Exception <a 'java/lang/IncompatibleClassChangeError'{0x0000000718f55f48}: Found class java.lang.Object, but interface was expected> (0x0000000718f55f48) 
thrown [s\open\src\hotspot\share\interpreter\linkResolver.cpp, line 863]
Event: 2.368 Thread 0x000002827f5ec820 Exception <a 'java/lang/NoSuchMethodError'{0x0000000718ac0f88}: 'void java.lang.invoke.DirectMethodHandle$Holder.invokeSpecial(java.lang.Object, java.lang.Object, java.lang.Object)'> (0x0000000718ac0f88) 
thrown [s\open\src\hotspot\share\interpreter\linkResolver.cpp, line 796]
Event: 2.370 Thread 0x000002827f5ec820 Exception <a 'java/lang/NoSuchMethodError'{0x0000000718aca838}: 'void java.lang.invoke.DirectMethodHandle$Holder.invokeStatic(java.lang.Object, int, java.lang.Object)'> (0x0000000718aca838) 
thrown [s\open\src\hotspot\share\interpreter\linkResolver.cpp, line 796]
Event: 2.382 Thread 0x000002827f5ec820 Exception <a 'java/lang/NoSuchMethodError'{0x0000000718b114e8}: 'int java.lang.invoke.DirectMethodHandle$Holder.invokeSpecial(java.lang.Object, java.lang.Object, java.lang.Object)'> (0x0000000718b114e8) 
thrown [s\open\src\hotspot\share\interpreter\linkResolver.cpp, line 796]
Event: 2.409 Thread 0x000002827f5ec820 Exception <a 'java/lang/NoSuchMethodError'{0x000000071885cda8}: 'java.lang.Object java.lang.invoke.DirectMethodHandle$Holder.invokeStaticInit(java.lang.Object, java.lang.Object, java.lang.Object)'> (0x000000071885cda8) 
thrown [s\open\src\hotspot\share\interpreter\linkResolver.cpp, line 796]
Event: 2.486 Thread 0x000002827f5ec820 Exception <a 'java/lang/NoSuchMethodError'{0x000000071844efb0}: 'java.lang.Object java.lang.invoke.DirectMethodHandle$Holder.invokeStaticInit(java.lang.Object, int, int, int, int)'> (0x000000071844efb0) 
thrown [s\open\src\hotspot\share\interpreter\linkResolver.cpp, line 796]
Event: 2.503 Thread 0x000002827f5ec820 Exception <a 'java/lang/NoSuchMethodError'{0x000000071851c660}: 'java.lang.Object java.lang.invoke.DirectMethodHandle$Holder.invokeStaticInit(java.lang.Object, java.lang.Object, int, int, int, int)'> (0x000000071851c660) 
thrown [s\open\src\hotspot\share\interpreter\linkResolver.cpp, line 796]
Event: 2.514 Thread 0x000002827f5ec820 Exception <a 'java/lang/ClassNotFoundException'{0x0000000718539da8}: javax/management/remote/rmi/RMIServerImpl_Skel> (0x0000000718539da8) 
thrown [s\open\src\hotspot\share\classfile\systemDictionary.cpp, line 313]
Event: 2.522 Thread 0x000002827f5ec820 Exception <a 'java/lang/NoSuchMethodError'{0x0000000718558930}: 'long java.lang.invoke.DirectMethodHandle$Holder.invokeSpecial(java.lang.Object, java.lang.Object)'> (0x0000000718558930) 
thrown [s\open\src\hotspot\share\interpreter\linkResolver.cpp, line 796]
Event: 2.522 Thread 0x000002827f5ec820 Exception <a 'java/lang/NoSuchMethodError'{0x000000071855c020}: 'long java.lang.invoke.Invokers$Holder.invokeExact_MT(java.lang.Object, java.lang.Object)'> (0x000000071855c020) 
thrown [s\open\src\hotspot\share\interpreter\linkResolver.cpp, line 796]
Event: 2.548 Thread 0x000002820ee07bf0 Exception <a 'java/lang/NoSuchMethodError'{0x00000007182dff10}: static [B.<clinit>()V> (0x00000007182dff10) 
thrown [s\open\src\hotspot\share\prims\jni.cpp, line 1111]
Event: 2.549 Thread 0x000002820ee07bf0 Exception <a 'java/lang/NoSuchMethodError'{0x00000007182e40c0}: 'java.lang.Object java.lang.invoke.DirectMethodHandle$Holder.invokeInterface(java.lang.Object, java.lang.Object, java.lang.Object)'> (0x00000007182e40c0) 
thrown [s\open\src\hotspot\share\interpreter\linkResolver.cpp, line 796]
Event: 2.556 Thread 0x000002820ee07bf0 Exception <a 'java/lang/ClassNotFoundException'{0x00000007183ff840}: javax/management/remote/rmi/RMIConnectionImpl_Skel> (0x00000007183ff840) 
thrown [s\open\src\hotspot\share\classfile\systemDictionary.cpp, line 313]
Event: 2.557 Thread 0x000002820edf9420 Exception <a 'java/lang/NoSuchMethodError'{0x000000071802c620}: 'java.lang.Object java.lang.invoke.Invokers$Holder.linkToTargetMethod(java.lang.Object, long, java.lang.Object)'> (0x000000071802c620) 
thrown [s\open\src\hotspot\share\interpreter\linkResolver.cpp, line 796]
Event: 2.560 Thread 0x000002820ee07bf0 Exception <a 'java/lang/NoSuchMethodError'{0x000000071809a270}: 'java.lang.Object java.lang.invoke.DirectMethodHandle$Holder.invokeInterface(java.lang.Object, java.lang.Object)'> (0x000000071809a270) 
thrown [s\open\src\hotspot\share\interpreter\linkResolver.cpp, line 796]
Event: 2.564 Thread 0x000002820ee07bf0 Exception <a 'java/lang/NoSuchMethodError'{0x00000007180b5df0}: 'int java.lang.invoke.DelegatingMethodHandle$Holder.reinvoke_L(java.lang.Object, java.lang.Object, java.lang.Object, java.lang.Object, java.lang.Object)'> (0x00000007180b5df0) 
thrown [s\open\src\hotspot\share\interpreter\linkResolver.cpp, line 796]
Event: 2.567 Thread 0x000002820ee07bf0 Exception <a 'java/lang/NoSuchMethodError'{0x00000007180d1a78}: 'java.lang.Object java.lang.invoke.DirectMethodHandle$Holder.invokeInterface(java.lang.Object, java.lang.Object, java.lang.Object, java.lang.Object, java.lang.Object)'> (0x00000007180d1a78) 
thrown [s\open\src\hotspot\share\interpreter\linkResolver.cpp, line 796]
Event: 2.570 Thread 0x000002820ee07bf0 Exception <a 'java/lang/NoSuchMethodError'{0x00000007180f4e30}: 'double java.lang.invoke.DirectMethodHandle$Holder.invokeInterface(java.lang.Object, java.lang.Object)'> (0x00000007180f4e30) 
thrown [s\open\src\hotspot\share\interpreter\linkResolver.cpp, line 796]
Event: 2.571 Thread 0x000002820ee07bf0 Exception <a 'java/lang/NoSuchMethodError'{0x0000000718183f50}: 'double java.lang.invoke.DelegatingMethodHandle$Holder.reinvoke_L(java.lang.Object, java.lang.Object)'> (0x0000000718183f50) 
thrown [s\open\src\hotspot\share\interpreter\linkResolver.cpp, line 796]

VM Operations (20 events):
Event: 1.304 Executing VM operation: HandshakeAllThreads (Deoptimize)
Event: 1.304 Executing VM operation: HandshakeAllThreads (Deoptimize) done
Event: 1.322 Executing VM operation: HandshakeAllThreads (Deoptimize)
Event: 1.322 Executing VM operation: HandshakeAllThreads (Deoptimize) done
Event: 1.332 Executing VM operation: HandshakeAllThreads (Deoptimize)
Event: 1.332 Executing VM operation: HandshakeAllThreads (Deoptimize) done
Event: 2.467 Executing VM operation: HandshakeAllThreads (Deoptimize)
Event: 2.467 Executing VM operation: HandshakeAllThreads (Deoptimize) done
Event: 2.513 Executing VM operation: HandshakeAllThreads (Deoptimize)
Event: 2.513 Executing VM operation: HandshakeAllThreads (Deoptimize) done
Event: 2.526 Executing VM operation: HandshakeAllThreads (Deoptimize)
Event: 2.526 Executing VM operation: HandshakeAllThreads (Deoptimize) done
Event: 2.555 Executing VM operation: HandshakeAllThreads (Deoptimize)
Event: 2.555 Executing VM operation: HandshakeAllThreads (Deoptimize) done
Event: 2.568 Executing VM operation: HandshakeAllThreads (Deoptimize)
Event: 2.568 Executing VM operation: HandshakeAllThreads (Deoptimize) done
Event: 2.573 Executing VM operation: HandshakeAllThreads (Deoptimize)
Event: 2.573 Executing VM operation: HandshakeAllThreads (Deoptimize) done
Event: 2.575 Executing VM operation: G1CollectForAllocation (G1 Evacuation Pause)
Event: 2.580 Executing VM operation: G1CollectForAllocation (G1 Evacuation Pause) done

Memory protections (0 events):
No events

Nmethod flushes (0 events):
No events

Events (20 events):
Event: 0.036 Thread 0x0000028277d427b0 Thread added: 0x000002827f5e0920
Event: 0.036 Thread 0x0000028277d427b0 Thread added: 0x000002827f5e3e50
Event: 0.036 Thread 0x0000028277d427b0 Thread added: 0x000002827f5ec820
Event: 0.037 Thread 0x0000028277d427b0 Thread added: 0x000002827f5f4ea0
Event: 0.037 Thread 0x0000028277d427b0 Thread added: 0x000002827f5f7240
Event: 0.037 Thread 0x0000028277d427b0 Thread added: 0x000002827f5fa5e0
Event: 0.126 Thread 0x0000028277d427b0 Thread added: 0x000002820e4e8020
Event: 0.133 Thread 0x000002827f5fa5e0 Thread added: 0x000002820e4f7c90
Event: 0.134 Thread 0x000002827f5fa5e0 Thread added: 0x000002820e5024c0
Event: 0.219 Thread 0x000002820e5024c0 Thread added: 0x000002820e771920
Event: 0.220 Thread 0x000002820e5024c0 Thread added: 0x000002820e774400
Event: 1.235 Thread 0x000002820e774400 Thread exited: 0x000002820e774400
Event: 1.310 Thread 0x0000028277d427b0 Thread added: 0x000002820ea6ff90
Event: 1.310 Thread 0x0000028277d427b0 Thread added: 0x000002820ea70600
Event: 2.338 Thread 0x000002820e771920 Thread exited: 0x000002820e771920
Event: 2.430 Thread 0x000002827f5fa5e0 Thread added: 0x000002820ebc8e50
Event: 2.519 Thread 0x000002827f5ec820 Thread added: 0x000002820ede3f90
Event: 2.533 Thread 0x000002820ede3f90 Thread added: 0x000002820ee07bf0
Event: 2.547 Thread 0x000002820ee07bf0 Thread added: 0x000002820ee3d820
Event: 2.554 Thread 0x000002820ee07bf0 Thread added: 0x000002820edf9420


Dynamic libraries:
0x00007ff64fb70000 - 0x00007ff64fb7e000 	C:\Users\med ayoub\.jdks\openjdk-23.0.2\bin\java.exe
0x00007ffe74e60000 - 0x00007ffe750c0000 	C:\WINDOWS\SYSTEM32\ntdll.dll
0x00007ffe73a80000 - 0x00007ffe73b47000 	C:\WINDOWS\System32\KERNEL32.DLL
0x00007ffe72460000 - 0x00007ffe7282a000 	C:\WINDOWS\System32\KERNELBASE.dll
0x00007ffe72040000 - 0x00007ffe7218b000 	C:\WINDOWS\System32\ucrtbase.dll
0x00007ffe538a0000 - 0x00007ffe538bb000 	C:\Users\med ayoub\.jdks\openjdk-23.0.2\bin\VCRUNTIME140.dll
0x00007ffe55b40000 - 0x00007ffe55b57000 	C:\Users\med ayoub\.jdks\openjdk-23.0.2\bin\jli.dll
0x00007ffe74750000 - 0x00007ffe7491c000 	C:\WINDOWS\System32\USER32.dll
0x00007ffe72b80000 - 0x00007ffe72ba7000 	C:\WINDOWS\System32\win32u.dll
0x00007ffe59130000 - 0x00007ffe593c7000 	C:\WINDOWS\WinSxS\amd64_microsoft.windows.common-controls_6595b64144ccf1df_6.0.26100.3624_none_3e086962e3345f24\COMCTL32.dll
0x00007ffe73680000 - 0x00007ffe736aa000 	C:\WINDOWS\System32\GDI32.dll
0x00007ffe74050000 - 0x00007ffe740f9000 	C:\WINDOWS\System32\msvcrt.dll
0x00007ffe728c0000 - 0x00007ffe729f1000 	C:\WINDOWS\System32\gdi32full.dll
0x00007ffe72bb0000 - 0x00007ffe72c53000 	C:\WINDOWS\System32\msvcp_win.dll
0x00007ffe738c0000 - 0x00007ffe738ef000 	C:\WINDOWS\System32\IMM32.DLL
0x00007ffe593d0000 - 0x00007ffe593dc000 	C:\Users\med ayoub\.jdks\openjdk-23.0.2\bin\vcruntime140_1.dll
0x00007ffe42750000 - 0x00007ffe427de000 	C:\Users\med ayoub\.jdks\openjdk-23.0.2\bin\msvcp140.dll
0x00007ffe17040000 - 0x00007ffe17d90000 	C:\Users\med ayoub\.jdks\openjdk-23.0.2\bin\server\jvm.dll
0x00007ffe73900000 - 0x00007ffe739b2000 	C:\WINDOWS\System32\ADVAPI32.dll
0x00007ffe735c0000 - 0x00007ffe73666000 	C:\WINDOWS\System32\sechost.dll
0x00007ffe73ce0000 - 0x00007ffe73df6000 	C:\WINDOWS\System32\RPCRT4.dll
0x00007ffe73fc0000 - 0x00007ffe74034000 	C:\WINDOWS\System32\WS2_32.dll
0x00007ffe71eb0000 - 0x00007ffe71f0e000 	C:\WINDOWS\SYSTEM32\POWRPROF.dll
0x00007ffe69da0000 - 0x00007ffe69dd6000 	C:\WINDOWS\SYSTEM32\WINMM.dll
0x00007ffe6abc0000 - 0x00007ffe6abcb000 	C:\WINDOWS\SYSTEM32\VERSION.dll
0x00007ffe71e70000 - 0x00007ffe71e84000 	C:\WINDOWS\SYSTEM32\UMPDC.dll
0x00007ffe70e10000 - 0x00007ffe70e2a000 	C:\WINDOWS\SYSTEM32\kernel.appcore.dll
0x00007ffe58da0000 - 0x00007ffe58daa000 	C:\Users\med ayoub\.jdks\openjdk-23.0.2\bin\jimage.dll
0x00007ffe5fb50000 - 0x00007ffe5fd91000 	C:\WINDOWS\SYSTEM32\DBGHELP.DLL
0x00007ffe742d0000 - 0x00007ffe74652000 	C:\WINDOWS\System32\combase.dll
0x00007ffe73c00000 - 0x00007ffe73cd6000 	C:\WINDOWS\System32\OLEAUT32.dll
0x00007ffe5b910000 - 0x00007ffe5b949000 	C:\WINDOWS\SYSTEM32\dbgcore.DLL
0x00007ffe723c0000 - 0x00007ffe72459000 	C:\WINDOWS\System32\bcryptPrimitives.dll
0x00007ffe4fde0000 - 0x00007ffe4fdef000 	C:\Users\med ayoub\.jdks\openjdk-23.0.2\bin\instrument.dll
0x00007ffe516e0000 - 0x00007ffe516fe000 	C:\Users\med ayoub\.jdks\openjdk-23.0.2\bin\java.dll
0x00007ffe73e20000 - 0x00007ffe73fb6000 	C:\WINDOWS\System32\ole32.dll
0x00007ffe72e90000 - 0x00007ffe735b9000 	C:\WINDOWS\System32\SHELL32.dll
0x00007ffe72190000 - 0x00007ffe722f8000 	C:\WINDOWS\System32\wintypes.dll
0x00007ffe6fcc0000 - 0x00007ffe70512000 	C:\WINDOWS\SYSTEM32\windows.storage.dll
0x00007ffe74660000 - 0x00007ffe7474d000 	C:\WINDOWS\System32\SHCORE.dll
0x00007ffe74100000 - 0x00007ffe74164000 	C:\WINDOWS\System32\shlwapi.dll
0x00007ffe71f50000 - 0x00007ffe71f7f000 	C:\WINDOWS\SYSTEM32\profapi.dll
0x00007ffe463f0000 - 0x00007ffe46407000 	C:\Users\med ayoub\.jdks\openjdk-23.0.2\bin\zip.dll
0x00007ffe54400000 - 0x00007ffe54410000 	C:\Users\med ayoub\.jdks\openjdk-23.0.2\bin\net.dll
0x00007ffe71310000 - 0x00007ffe7137a000 	C:\WINDOWS\system32\mswsock.dll
0x00007ffe4ffc0000 - 0x00007ffe4ffd6000 	C:\Users\med ayoub\.jdks\openjdk-23.0.2\bin\nio.dll
0x00007ffe70860000 - 0x00007ffe70985000 	C:\WINDOWS\SYSTEM32\DNSAPI.dll
0x00007ffe70820000 - 0x00007ffe70853000 	C:\WINDOWS\SYSTEM32\IPHLPAPI.DLL
0x00007ffe74e10000 - 0x00007ffe74e1a000 	C:\WINDOWS\System32\NSI.dll
0x00007ffe5bc00000 - 0x00007ffe5bc1a000 	C:\Program Files\JetBrains\IntelliJ IDEA 2024.3.2.1\bin\breakgen64.dll
0x00007ffe67ab0000 - 0x00007ffe67abb000 	C:\Windows\System32\rasadhlp.dll
0x00007ffe6a050000 - 0x00007ffe6a0d5000 	C:\WINDOWS\System32\fwpuclnt.dll
0x00007ffe463c0000 - 0x00007ffe463c9000 	C:\Users\med ayoub\.jdks\openjdk-23.0.2\bin\extnet.dll
0x00007ffe463b0000 - 0x00007ffe463ba000 	C:\Users\med ayoub\.jdks\openjdk-23.0.2\bin\management.dll
0x00007ffe45c10000 - 0x00007ffe45c1b000 	C:\Users\med ayoub\.jdks\openjdk-23.0.2\bin\management_ext.dll
0x00007ffe74040000 - 0x00007ffe74048000 	C:\WINDOWS\System32\PSAPI.DLL
0x00007ffe716c0000 - 0x00007ffe716dc000 	C:\WINDOWS\SYSTEM32\CRYPTSP.dll
0x00007ffe70d70000 - 0x00007ffe70daa000 	C:\WINDOWS\system32\rsaenh.dll
0x00007ffe713b0000 - 0x00007ffe713db000 	C:\WINDOWS\SYSTEM32\USERENV.dll
0x00007ffe71f20000 - 0x00007ffe71f46000 	C:\WINDOWS\SYSTEM32\bcrypt.dll
0x00007ffe71540000 - 0x00007ffe7154c000 	C:\WINDOWS\SYSTEM32\CRYPTBASE.dll
0x00007ffe54410000 - 0x00007ffe54428000 	C:\WINDOWS\system32\napinsp.dll
0x00007ffe53f10000 - 0x00007ffe53f22000 	C:\WINDOWS\System32\winrnr.dll
0x00007ffe53e20000 - 0x00007ffe53e50000 	C:\WINDOWS\system32\nlansp_c.dll
0x00007ffe53e00000 - 0x00007ffe53e16000 	C:\WINDOWS\system32\wshbth.dll
0x00007ffe59010000 - 0x00007ffe5905e000 	C:\WINDOWS\SYSTEM32\pdh.dll

dbghelp: loaded successfully - version: 4.0.5 - missing functions: none
symbol engine: initialized successfully - sym options: 0x614 - pdb path: .;C:\Users\med ayoub\.jdks\openjdk-23.0.2\bin;C:\WINDOWS\SYSTEM32;C:\WINDOWS\WinSxS\amd64_microsoft.windows.common-controls_6595b64144ccf1df_6.0.26100.3624_none_3e086962e3345f24;C:\Users\med ayoub\.jdks\openjdk-23.0.2\bin\server;C:\Program Files\JetBrains\IntelliJ IDEA 2024.3.2.1\bin

VM Arguments:
jvm_args: -XX:TieredStopAtLevel=1 -Dspring.output.ansi.enabled=always -Dcom.sun.management.jmxremote -Dspring.jmx.enabled=true -Dspring.liveBeansView.mbeanDomain -Dspring.application.admin.enabled=true -Dmanagement.endpoints.jmx.exposure.include=* -javaagent:C:\Program Files\JetBrains\IntelliJ IDEA 2024.3.2.1\lib\idea_rt.jar=53610:C:\Program Files\JetBrains\IntelliJ IDEA 2024.3.2.1\bin -Dfile.encoding=UTF-8 -Dsun.stdout.encoding=UTF-8 -Dsun.stderr.encoding=UTF-8 
java_command: com.example.apigetway.ApiGetWayApplication
java_class_path (initial): C:\Users\med ayoub\Desktop\4SAE4micro\apigetway\apigetway\target\classes;C:\Users\med ayoub\.m2\repository\org\springframework\cloud\spring-cloud-starter-gateway\4.2.0\spring-cloud-starter-gateway-4.2.0.jar;C:\Users\med ayoub\.m2\repository\org\springframework\cloud\spring-cloud-starter\4.2.0\spring-cloud-starter-4.2.0.jar;C:\Users\med ayoub\.m2\repository\org\springframework\cloud\spring-cloud-context\4.2.0\spring-cloud-context-4.2.0.jar;C:\Users\med ayoub\.m2\repository\org\springframework\security\spring-security-crypto\6.4.2\spring-security-crypto-6.4.2.jar;C:\Users\med ayoub\.m2\repository\org\springframework\cloud\spring-cloud-commons\4.2.0\spring-cloud-commons-4.2.0.jar;C:\Users\med ayoub\.m2\repository\org\bouncycastle\bcprov-jdk18on\1.78.1\bcprov-jdk18on-1.78.1.jar;C:\Users\med ayoub\.m2\repository\org\springframework\cloud\spring-cloud-gateway-server\4.2.0\spring-cloud-gateway-server-4.2.0.jar;C:\Users\med ayoub\.m2\repository\org\springframework\boot\spring-boot-starter-validation\3.4.2\spring-boot-starter-validation-3.4.2.jar;C:\Users\med ayoub\.m2\repository\org\apache\tomcat\embed\tomcat-embed-el\10.1.34\tomcat-embed-el-10.1.34.jar;C:\Users\med ayoub\.m2\repository\org\hibernate\validator\hibernate-validator\8.0.2.Final\hibernate-validator-8.0.2.Final.jar;C:\Users\med ayoub\.m2\repository\jakarta\validation\jakarta.validation-api\3.0.2\jakarta.validation-api-3.0.2.jar;C:\Users\med ayoub\.m2\repository\org\jboss\logging\jboss-logging\3.6.1.Final\jboss-logging-3.6.1.Final.jar;C:\Users\med ayoub\.m2\repository\com\fasterxml\classmate\1.7.0\classmate-1.7.0.jar;C:\Users\med ayoub\.m2\repository\io\projectreactor\addons\reactor-extra\3.5.2\reactor-extra-3.5.2.jar;C:\Users\med ayoub\.m2\repository\io\projectreactor\reactor-core\3.7.2\reactor-core-3.7.2.jar;C:\Users\med ayoub\.m2\repository\org\reactivestreams\reactive-streams\1.0.4\reactive-streams-1.0.4.jar;C:\Users\med ayoub\.m2\repository\org\springframework\boot\spring-boot-starter-webflux\3.4.2\spring-boot-starter-webflux-3.4.2.jar;C:\Users\med ayoub\.m2\repository\org\springframework\boot\spring-boot-starter-json\3.4.2\spring-boot-starter-json-3.4.2.jar;C:\Users\med ayoub\.m2\repository\com\fasterxml\jackson\datatype\jackson-datatype-jdk8\2.18.2\jackson-datatype-jdk8-2.18.2.jar;C:\Users\med ayoub\.m2\repository\com\fasterxml\jackson\datatype\jackson-datatype-jsr310\2.18.2\jackson-datatype-jsr310-2.18.2.jar;C:\Users\med ayoub\.m2\repository\com\fasterxml\jackson\module\jackson-module-parameter-names\2.18.2\jackson-module-parameter-names-2.18.2.jar;C:\Users\med ayoub\.m2\repository\org\springframework\boot\spring-boot-starter-reactor-netty\3.4.2\spring-boot-starter-reactor-netty-3.4.2.jar;C:\Users\med ayoub\.m2\repository\io\projectreactor\netty\reactor-netty-http\1.2.2\reactor-netty-http-1.2.2.jar;C:\Users\med ayoub\.m2\repository\io\netty\netty-codec-http\4.1.117.Final\netty-codec-http-4.1.117.Final.jar;C:\Users\med ayoub\.m2\repository\io\netty\netty-common\4.1.117.Final\netty-common-4.1.117.Final.jar;C:\Users\med ayoub\.m2\repository\io\netty\netty-buffer\4.1.117.Final\netty-buffer-4.1.117.Final.jar;C:\Users\med ayoub\.m2\repository\io\netty\netty-transport\4.1.117.Final\netty-transport-4.1.117.Final.jar;C:\Users\med ayoub\.m2\repository\io\netty\netty-codec\4.1.117.Final\netty-codec-4.1.117.Final.jar;C:\Users\med ayoub\.m2\repository\io\netty\netty-handler\4.1.117.Final\netty-handler-4.1.117.Final.jar;C:\Users\med ayoub\.m2\repository\io\netty\netty-codec-http2\4.1.117.Final\netty-codec-http2-4.1.117.Final.jar;C:\Users\med ayoub\.m2\repository\io\netty\netty-resolver-dns\4.1.117.Final\netty-resolver-dns-4.1.117.Final.jar;C:\Users\med ayoub\.m2\repository\io\netty\netty-resolver\4.1.117.Final\netty-resolver-4.1.117.Final.jar;C:\Users\med ayoub\.m2\repository\io\netty\netty-codec-dns\4.1.117.Final\netty-codec-dns-4.1.117.Final.jar;C:\Users\med ayoub\.m2\repository\io\netty\netty-resolver-dns-native-macos\4.1.117.Final\netty-resolver-dns-native-macos-4.1.117.Final-osx-x86_64.jar;C:\Users\med ayoub\.m2\repository\io\netty\netty-resolver-dns-classes-macos\4.1.117.Final\netty-resolver-dns-classes-macos-4.1.117.Final.jar;C:\Users\med ayoub\.m2\repository\io\netty\netty-transport-native-epoll\4.1.117.Final\netty-transport-native-epoll-4.1.117.Final-linux-x86_64.jar;C:\Users\med ayoub\.m2\repository\io\netty\netty-transport-native-unix-common\4.1.117.Final\netty-transport-native-unix-common-4.1.117.Final.jar;C:\Users\med ayoub\.m2\repository\io\netty\netty-transport-classes-epoll\4.1.117.Final\netty-transport-classes-epoll-4.1.117.Final.jar;C:\Users\med ayoub\.m2\repository\io\projectreactor\netty\reactor-netty-core\1.2.2\reactor-netty-core-1.2.2.jar;C:\Users\med ayoub\.m2\repository\io\netty\netty-handler-proxy\4.1.117.Final\netty-handler-proxy-4.1.117.Final.jar;C:\Users\med ayoub\.m2\repository\io\netty\netty-codec-socks\4.1.117.Final\netty-codec-socks-4.1.117.Final.jar;C:\Users\med ayoub\.m2\repository\org\springframework\spring-web\6.2.2\spring-web-6.2.2.jar;C:\Users\med ayoub\.m2\repository\org\springframework\spring-beans\6.2.2\spring-beans-6.2.2.jar;C:\Users\med ayoub\.m2\repository\io\micrometer\micrometer-observation\1.14.3\micrometer-observation-1.14.3.jar;C:\Users\med ayoub\.m2\repository\io\micrometer\micrometer-commons\1.14.3\micrometer-commons-1.14.3.jar;C:\Users\med ayoub\.m2\repository\org\springframework\spring-webflux\6.2.2\spring-webflux-6.2.2.jar;C:\Users\med ayoub\.m2\repository\org\springframework\cloud\spring-cloud-starter-netflix-eureka-client\4.2.0\spring-cloud-starter-netflix-eureka-client-4.2.0.jar;C:\Users\med ayoub\.m2\repository\org\springframework\cloud\spring-cloud-netflix-eureka-client\4.2.0\spring-cloud-netflix-eureka-client-4.2.0.jar;C:\Users\med ayoub\.m2\repository\org\apache\httpcomponents\client5\httpclient5\5.4.1\httpclient5-5.4.1.jar;C:\Users\med ayoub\.m2\repository\org\apache\httpcomponents\core5\httpcore5\5.3.2\httpcore5-5.3.2.jar;C:\Users\med ayoub\.m2\repository\org\apache\httpcomponents\core5\httpcore5-h2\5.3.2\httpcore5-h2-5.3.2.jar;C:\Users\med ayoub\.m2\repository\com\netflix\eureka\eureka-client\2.0.4\eureka-client-2.0.4.jar;C:\Users\med ayoub\.m2\repository\com\thoughtworks\xstream\xstream\1.4.20\xstream-1.4.20.jar;C:\Users\med ayoub\.m2\repository\io\github\x-stream\mxparser\1.2.2\mxparser-1.2.2.jar;C:\Users\med ayoub\.m2\repository\xmlpull\xmlpull\1.1.3.1\xmlpull-1.1.3.1.jar;C:\Users\med ayoub\.m2\repository\jakarta\ws\rs\jakarta.ws.rs-api\3.1.0\jakarta.ws.rs-api-3.1.0.jar;C:\Users\med ayoub\.m2\repository\jakarta\inject\jakarta.inject-api\2.0.1\jakarta.inject-api-2.0.1.jar;C:\Users\med ayoub\.m2\repository\jakarta\annotation\jakarta.annotation-api\2.1.1\jakarta.annotation-api-2.1.1.jar;C:\Users\med ayoub\.m2\repository\com\netflix\spectator\spectator-api\1.7.3\spectator-api-1.7.3.jar;C:\Users\med ayoub\.m2\repository\org\slf4j\slf4j-api\2.0.16\slf4j-api-2.0.16.jar;C:\Users\med ayoub\.m2\repository\org\apache\httpcomponents\httpclient\4.5.3\httpclient-4.5.3.jar;C:\Users\med ayoub\.m2\repository\org\apache\httpcomponents\httpcore\4.4.16\httpcore-4.4.16.jar;C:\Users\med ayoub\.m2\repository\commons-codec\commons-codec\1.17.2\commons-codec-1.17.2.jar;C:\Users\med ayoub\.m2\repository\commons-configuration\commons-configuration\1.10\commons-configuration-1.10.jar;C:\Users\med ayoub\.m2\repository\commons-lang\commons-lang\2.6\commons-lang-2.6.jar;C:\Users\med ayoub\.m2\repository\com\fasterxml\jackson\core\jackson-annotations\2.18.2\jackson-annotations-2.18.2.jar;C:\Users\med ayoub\.m2\repository\com\fasterxml\jackson\core\jackson-core\2.18.2\jackson-core-2.18.2.jar;C:\Users\med ayoub\.m2\repository\com\fasterxml\jackson\core\jackson-databind\2.18.2\jackson-databind-2.18.2.jar;C:\Users\med ayoub\.m2\repository\com\netflix\netflix-commons\netflix-eventbus\0.3.0\netflix-eventbus-0.3.0.jar;C:\Users\med ayoub\.m2\repository\com\netflix\netflix-commons\netflix-infix\0.3.0\netflix-infix-0.3.0.jar;C:\Users\med ayoub\.m2\repository\commons-jxpath\commons-jxpath\1.3\commons-jxpath-1.3.jar;C:\Users\med ayoub\.m2\repository\joda-time\joda-time\2.3\joda-time-2.3.jar;C:\Users\med ayoub\.m2\repository\org\antlr\antlr-runtime\3.4\antlr-runtime-3.4.jar;C:\Users\med ayoub\.m2\repository\org\antlr\stringtemplate\3.2.1\stringtemplate-3.2.1.jar;C:\Users\med ayoub\.m2\repository\antlr\antlr\2.7.7\antlr-2.7.7.jar;C:\Users\med ayoub\.m2\repository\com\google\guava\guava\33.3.1-jre\guava-33.3.1-jre.jar;C:\Users\med ayoub\.m2\repository\com\google\guava\failureaccess\1.0.2\failureaccess-1.0.2.jar;C:\Users\med ayoub\.m2\repository\com\google\guava\listenablefuture\9999.0-empty-to-avoid-conflict-with-guava\listenablefuture-9999.0-empty-to-avoid-conflict-with-guava.jar;C:\Users\med ayoub\.m2\repository\org\checkerframework\checker-qual\3.43.0\checker-qual-3.43.0.jar;C:\Users\med ayoub\.m2\repository\com\google\errorprone\error_prone_annotations\2.28.0\error_prone_annotations-2.28.0.jar;C:\Users\med ayoub\.m2\repository\com\google\j2objc\j2objc-annotations\3.0.0\j2objc-annotations-3.0.0.jar;C:\Users\med ayoub\.m2\repository\com\google\code\gson\gson\2.11.0\gson-2.11.0.jar;C:\Users\med ayoub\.m2\repository\com\netflix\servo\servo-core\0.5.3\servo-core-0.5.3.jar;C:\Users\med ayoub\.m2\repository\org\apache\commons\commons-math\2.2\commons-math-2.2.jar;C:\Users\med ayoub\.m2\repository\javax\annotation\javax.annotation-api\1.2\javax.annotation-api-1.2.jar;C:\Users\med ayoub\.m2\repository\org\codehaus\jettison\jettison\1.5.4\jettison-1.5.4.jar;C:\Users\med ayoub\.m2\repository\org\springframework\cloud\spring-cloud-starter-loadbalancer\4.2.0\spring-cloud-starter-loadbalancer-4.2.0.jar;C:\Users\med ayoub\.m2\repository\org\springframework\cloud\spring-cloud-loadbalancer\4.2.0\spring-cloud-loadbalancer-4.2.0.jar;C:\Users\med ayoub\.m2\repository\org\springframework\boot\spring-boot-starter-cache\3.4.2\spring-boot-starter-cache-3.4.2.jar;C:\Users\med ayoub\.m2\repository\org\springframework\spring-context-support\6.2.2\spring-context-support-6.2.2.jar;C:\Users\med ayoub\.m2\repository\com\stoyanr\evictor\1.0.0\evictor-1.0.0.jar;C:\Users\med ayoub\.m2\repository\org\springframework\boot\spring-boot-starter\3.4.2\spring-boot-starter-3.4.2.jar;C:\Users\med ayoub\.m2\repository\org\springframework\boot\spring-boot\3.4.2\spring-boot-3.4.2.jar;C:\Users\med ayoub\.m2\repository\org\springframework\spring-context\6.2.2\spring-context-6.2.2.jar;C:\Users\med ayoub\.m2\repository\org\springframework\spring-aop\6.2.2\spring-aop-6.2.2.jar;C:\Users\med ayoub\.m2\repository\org\springframework\spring-expression\6.2.2\spring-expression-6.2.2.jar;C:\Users\med ayoub\.m2\repository\org\springframework\boot\spring-boot-autoconfigure\3.4.2\spring-boot-autoconfigure-3.4.2.jar;C:\Users\med ayoub\.m2\repository\org\springframework\boot\spring-boot-starter-logging\3.4.2\spring-boot-starter-logging-3.4.2.jar;C:\Users\med ayoub\.m2\repository\ch\qos\logback\logback-classic\1.5.16\logback-classic-1.5.16.jar;C:\Users\med ayoub\.m2\repository\ch\qos\logback\logback-core\1.5.16\logback-core-1.5.16.jar;C:\Users\med ayoub\.m2\repository\org\apache\logging\log4j\log4j-to-slf4j\2.24.3\log4j-to-slf4j-2.24.3.jar;C:\Users\med ayoub\.m2\repository\org\apache\logging\log4j\log4j-api\2.24.3\log4j-api-2.24.3.jar;C:\Users\med ayoub\.m2\repository\org\slf4j\jul-to-slf4j\2.0.16\jul-to-slf4j-2.0.16.jar;C:\Users\med ayoub\.m2\repository\org\yaml\snakeyaml\2.3\snakeyaml-2.3.jar;C:\Users\med ayoub\.m2\repository\org\springframework\spring-core\6.2.2\spring-core-6.2.2.jar;C:\Users\med ayoub\.m2\repository\org\springframework\spring-jcl\6.2.2\spring-jcl-6.2.2.jar
Launcher Type: SUN_STANDARD

[Global flags]
     intx CICompilerCount                          = 12                                        {product} {ergonomic}
     uint ConcGCThreads                            = 3                                         {product} {ergonomic}
     uint G1ConcRefinementThreads                  = 13                                        {product} {ergonomic}
   size_t G1HeapRegionSize                         = 2097152                                   {product} {ergonomic}
   size_t InitialHeapSize                          = 257949696                                 {product} {ergonomic}
     bool ManagementServer                         = true                                      {product} {command line}
   size_t MarkStackSize                            = 4194304                                   {product} {ergonomic}
   size_t MarkStackSizeMax                         = 536870912                                 {product} {ergonomic}
   size_t MaxHeapSize                              = 4125097984                                {product} {ergonomic}
   size_t MaxNewSize                               = 2474639360                                {product} {ergonomic}
   size_t MinHeapDeltaBytes                        = 2097152                                   {product} {ergonomic}
   size_t MinHeapSize                              = 8388608                                   {product} {ergonomic}
    uintx NonNMethodCodeHeapSize                   = 4096                                   {pd product} {ergonomic}
    uintx NonProfiledCodeHeapSize                  = 0                                      {pd product} {ergonomic}
     bool ProfileInterpreter                       = false                                  {pd product} {command line}
    uintx ProfiledCodeHeapSize                     = 0                                      {pd product} {ergonomic}
   size_t SoftMaxHeapSize                          = 4125097984                             {manageable} {ergonomic}
     intx TieredStopAtLevel                        = 1                                         {product} {command line}
     bool UseCompressedOops                        = true                           {product lp64_product} {ergonomic}
     bool UseG1GC                                  = true                                      {product} {ergonomic}
     bool UseLargePagesIndividualAllocation        = false                                  {pd product} {ergonomic}

Logging:
Log output configuration:
 #0: stdout all=warning uptime,level,tags foldmultilines=false
 #1: stderr all=off uptime,level,tags foldmultilines=false

Environment Variables:
PATH=C:\Python313\Scripts\;C:\Python313\;C:\oraclexe\app\oracle\product\11.2.0\server\bin;C:\Program Files (x86)\VMware\VMware Workstation\bin\;C:\WINDOWS\system32;C:\WINDOWS;C:\WINDOWS\System32\Wbem;C:\WINDOWS\System32\WindowsPowerShell\v1.0\;C:\WINDOWS\System32\OpenSSH\;C:\Program Files\nodejs\;C:\ProgramData\chocolatey\bin;C:\Program Files\Git\bin;C:\Program Files\Git\cmd;;C:\Program Files\Docker\Docker\resources\bin;C:\Users\med ayoub\AppData\Local\Microsoft\WindowsApps;C:\Users\med ayoub\AppData\Local\Programs\Microsoft VS Code\bin;C:\Users\med ayoub\AppData\Roaming\npm
USERNAME=med ayoub
OS=Windows_NT
PROCESSOR_IDENTIFIER=AMD64 Family 23 Model 96 Stepping 1, AuthenticAMD
TMP=C:\Users\MEDAYO~1\AppData\Local\Temp
TEMP=C:\Users\MEDAYO~1\AppData\Local\Temp




Periodic native trim disabled

---------------  S Y S T E M  ---------------

OS:
 Windows 11 , 64 bit Build 26100 (10.0.26100.3775)
OS uptime: 0 days 7:08 hours
Hyper-V role detected

CPU: total 16 (initial active 16) (16 cores per cpu, 2 threads per core) family 23 model 96 stepping 1 microcode 0x8600106, cx8, cmov, fxsr, ht, mmx, 3dnowpref, sse, sse2, sse3, ssse3, sse4a, sse4.1, sse4.2, popcnt, lzcnt, tsc, tscinvbit, avx, avx2, aes, clmul, bmi1, bmi2, adx, sha, fma, vzeroupper, clflush, clflushopt, hv, rdtscp, rdpid, f16c
Processor Information for the first 16 processors :
  Max Mhz: 2900, Current Mhz: 2900, Mhz Limit: 2900

Memory: 4k page, system-wide physical 15732M (3105M free)
TotalPageFile size 15732M (AvailPageFile size 1M)
current process WorkingSet (physical memory assigned to process): 84M, peak: 84M
current process commit charge ("private bytes"): 357M, peak: 357M

vm_info: OpenJDK 64-Bit Server VM (23.0.2+7-58) for windows-amd64 JRE (23.0.2+7-58), built on 2024-11-29T09:34:55Z with MS VC++ 17.6 (VS2022)

END.
